                                                                                             The WPS System                                                          11:37 Wednesday, July 29, 2015    1

                                                                                           The FREQ Procedure

                                                               Table of last_name_match by chosen_cac_ind_number
                                                                                                                                        
                                                                last_name_match|             chosen_cac_ind_number             |        
                                                                ---------------+-----------------------------------------------|        
                                                                   Frequency   |       |       |       |       |       |       |        
                                                                    Percent    |       |       |       |       |       |       |        
                                                                    Row Pct    |       |       |       |       |       |       |        
                                                                    Col Pct    |   .   |   1   |   2   |   3   |   4   |   5   | Total  
                                                                ---------------+-------+-------+-------+-------+-------+-------+------- 
                                                                              0| 364277|      0|      0|      0|      0|      0| 364277 
                                                                               |  35.55|   0.00|   0.00|   0.00|   0.00|   0.00|  35.55 
                                                                               | 100.00|   0.00|   0.00|   0.00|   0.00|   0.00|        
                                                                               |  45.35|   0.00|   0.00|   0.00|   0.00|   0.00|        
                                                                ---------------+-------+-------+-------+-------+-------+-------+------- 
                                                                              1| 438897| 146805|  52501|  17143|   4326|    803| 660475 
                                                                               |  42.83|  14.33|   5.12|   1.67|   0.42|   0.08|  64.45 
                                                                               |  66.45|  22.23|   7.95|   2.60|   0.65|   0.12|        
                                                                               |  54.65| 100.00| 100.00| 100.00| 100.00| 100.00|        
                                                                ---------------+-------+-------+-------+-------+-------+-------+------- 
                                                                          Total| 803174| 146805|  52501|  17143|   4326|    803|1024752 
                                                                               |  78.38|  14.33|   5.12|   1.67|   0.42|   0.08| 100.00 
                                                                                                                                        
                                                                                             The WPS System                                                          11:37 Wednesday, July 29, 2015    2

                                                                                           The FREQ Procedure

                                                                    Table of chosen_cac_ind_number by chosen_match_level
                                                                                                                                   
                                                                     chosen_cac_ind_number|      chosen_match_level       |        
                                                                     ---------------------+-------------------------------|        
                                                                           Frequency      |       |       |       |       |        
                                                                            Percent       |       |       |       |       |        
                                                                            Row Pct       |       |       |       |       |        
                                                                            Col Pct       |   .   |   1   |   2   |   3   | Total  
                                                                     ---------------------+-------+-------+-------+-------+------- 
                                                                                         .| 803174|      0|      0|      0| 803174 
                                                                                          |  78.38|   0.00|   0.00|   0.00|  78.38 
                                                                                          | 100.00|   0.00|   0.00|   0.00|        
                                                                                          | 100.00|   0.00|   0.00|   0.00|        
                                                                     ---------------------+-------+-------+-------+-------+------- 
                                                                                         1|      0| 129322|  14991|   2492| 146805 
                                                                                          |   0.00|  12.62|   1.46|   0.24|  14.33 
                                                                                          |   0.00|  88.09|  10.21|   1.70|        
                                                                                          |   0.00|  66.52|  65.91|  56.46|        
                                                                     ---------------------+-------+-------+-------+-------+------- 
                                                                                         2|      0|  45690|   5576|   1235|  52501 
                                                                                          |   0.00|   4.46|   0.54|   0.12|   5.12 
                                                                                          |   0.00|  87.03|  10.62|   2.35|        
                                                                                          |   0.00|  23.50|  24.51|  27.98|        
                                                                     ---------------------+-------+-------+-------+-------+------- 
                                                                                         3|      0|  14981|   1663|    499|  17143 
                                                                                          |   0.00|   1.46|   0.16|   0.05|   1.67 
                                                                                          |   0.00|  87.39|   9.70|   2.91|        
                                                                                          |   0.00|   7.71|   7.31|  11.30|        
                                                                     ---------------------+-------+-------+-------+-------+------- 
                                                                                         4|      0|   3739|    435|    152|   4326 
                                                                                          |   0.00|   0.36|   0.04|   0.01|   0.42 
                                                                                          |   0.00|  86.43|  10.06|   3.51|        
                                                                                          |   0.00|   1.92|   1.91|   3.44|        
                                                                     ---------------------+-------+-------+-------+-------+------- 
                                                                                         5|      0|    686|     81|     36|    803 
                                                                                          |   0.00|   0.07|   0.01|   0.00|   0.08 
                                                                                          |   0.00|  85.43|  10.09|   4.48|        
                                                                                          |   0.00|   0.35|   0.36|   0.82|        
                                                                     ---------------------+-------+-------+-------+-------+------- 
                                                                                     Total| 803174| 194418|  22746|   4414|1024752 
                                                                                          |  78.38|  18.97|   2.22|   0.43| 100.00 
                                                                                                                                   
                                                                                             match_level 2                                                           11:37 Wednesday, July 29, 2015    3

                                                                                           The FREQ Procedure

                                                                                                                Cumulative    Cumulative
                                                                chosen_spedis_score    Frequency     Percent     Frequency      Percent 
                                                                ------------------------------------------------------------------------
                                                                 0                           70        0.31            70         0.31  
                                                                 2                            9        0.04            79         0.35  
                                                                 3                           92        0.40           171         0.75  
                                                                 4                          244        1.07           415         1.82  
                                                                 5                         1048        4.61          1463         6.43  
                                                                 6                          196        0.86          1659         7.29  
                                                                 7                         1241        5.46          2900        12.75  
                                                                 8                          462        2.03          3362        14.78  
                                                                 9                           26        0.11          3388        14.89  
                                                                10                          764        3.36          4152        18.25  
                                                                11                          908        3.99          5060        22.25  
                                                                12                          483        2.12          5543        24.37  
                                                                13                          145        0.64          5688        25.01  
                                                                14                          923        4.06          6611        29.06  
                                                                15                         2567       11.29          9178        40.35  
                                                                16                          678        2.98          9856        43.33  
                                                                17                         1465        6.44         11321        49.77  
                                                                18                           53        0.23         11374        50.00  
                                                                19                         1631        7.17         13005        57.17  
                                                                20                         1935        8.51         14940        65.68  
                                                                21                          549        2.41         15489        68.10  
                                                                22                          280        1.23         15769        69.33  
                                                                23                          214        0.94         15983        70.27  
                                                                24                          389        1.71         16372        71.98  
                                                                25                          814        3.58         17186        75.56  
                                                                26                          231        1.02         17417        76.57  
                                                                27                          256        1.13         17673        77.70  
                                                                28                         1858        8.17         19531        85.87  
                                                                29                          643        2.83         20174        88.69  
                                                                30                          939        4.13         21113        92.82  
                                                                31                          101        0.44         21214        93.26  
                                                                32                            9        0.04         21223        93.30  
                                                                33                          857        3.77         22080        97.07  
                                                                34                          666        2.93         22746       100.00  
                                                                                             match_level 3                                                           11:37 Wednesday, July 29, 2015    4

                                                                                           The FREQ Procedure

                                                                                                                Cumulative    Cumulative
                                                                chosen_spedis_score    Frequency     Percent     Frequency      Percent 
                                                                ------------------------------------------------------------------------
                                                                 35                          73        1.65            73         1.65  
                                                                 36                           2        0.05            75         1.70  
                                                                 37                         300        6.80           375         8.50  
                                                                 38                         211        4.78           586        13.28  
                                                                 39                         379        8.59           965        21.86  
                                                                 40                         502       11.37          1467        33.24  
                                                                 41                          91        2.06          1558        35.30  
                                                                 42                          96        2.17          1654        37.47  
                                                                 43                          31        0.70          1685        38.17  
                                                                 44                           5        0.11          1690        38.29  
                                                                 45                          32        0.72          1722        39.01  
                                                                 46                          65        1.47          1787        40.48  
                                                                 47                         110        2.49          1897        42.98  
                                                                 48                           7        0.16          1904        43.14  
                                                                 50                        1010       22.88          2914        66.02  
                                                                 52                           4        0.09          2918        66.11  
                                                                 53                           8        0.18          2926        66.29  
                                                                 54                          92        2.08          3018        68.37  
                                                                 55                          28        0.63          3046        69.01  
                                                                 56                          16        0.36          3062        69.37  
                                                                 57                          94        2.13          3156        71.50  
                                                                 58                          92        2.08          3248        73.58  
                                                                 59                           2        0.05          3250        73.63  
                                                                 60                         203        4.60          3453        78.23  
                                                                 62                         109        2.47          3562        80.70  
                                                                 64                          15        0.34          3577        81.04  
                                                                 65                          27        0.61          3604        81.65  
                                                                 66                         195        4.42          3799        86.07  
                                                                 67                           4        0.09          3803        86.16  
                                                                 68                          15        0.34          3818        86.50  
                                                                 69                           1        0.02          3819        86.52  
                                                                 70                          42        0.95          3861        87.47  
                                                                 71                           8        0.18          3869        87.65  
                                                                 72                           1        0.02          3870        87.68  
                                                                 75                         106        2.40          3976        90.08  
                                                                 78                           6        0.14          3982        90.21  
                                                                 80                          13        0.29          3995        90.51  
                                                                 81                           1        0.02          3996        90.53  
                                                                 83                         107        2.42          4103        92.95  
                                                                 85                           4        0.09          4107        93.04  
                                                                 87                          27        0.61          4134        93.66  
                                                                 90                          10        0.23          4144        93.88  
                                                                 91                          11        0.25          4155        94.13  
                                                                 95                           2        0.05          4157        94.18  
                                                                100                          73        1.65          4230        95.83  
                                                                103                           2        0.05          4232        95.88  
                                                                108                           8        0.18          4240        96.06  
                                                                110                           2        0.05          4242        96.10  
                                                                112                           4        0.09          4246        96.19  
                                                                116                          17        0.39          4263        96.58  
                                                                120                           3        0.07          4266        96.65  
                                                                125                          14        0.32          4280        96.96  
                                                                133                           7        0.16          4287        97.12  
                                                                137                           2        0.05          4289        97.17  
                                                                150                          27        0.61          4316        97.78  
                                                                166                           2        0.05          4318        97.83  
                                                                168                           1        0.02          4319        97.85  
                                                                175                           1        0.02          4320        97.87  
                                                                183                           1        0.02          4321        97.89  
                                                                191                           1        0.02          4322        97.92  
                                                                200                          27        0.61          4349        98.53  
                                                                241                           1        0.02          4350        98.55  
                                                                250                          26        0.59          4376        99.14  
                                                                300                          18        0.41          4394        99.55  
                                                                350                          15        0.34          4409        99.89  
                                                                400                           3        0.07          4412        99.95  
                                                                500                           2        0.05          4414       100.00  
                                                                                                                                                                     11:37 Wednesday, July 29, 2015    5

                                                                                           The FREQ Procedure

                                                               Table of last_name_match by chosen_cac_ind_number
                                                                                                                                        
                                                                last_name_match|             chosen_cac_ind_number             |        
                                                                ---------------+-----------------------------------------------|        
                                                                   Frequency   |       |       |       |       |       |       |        
                                                                    Percent    |       |       |       |       |       |       |        
                                                                    Row Pct    |       |       |       |       |       |       |        
                                                                    Col Pct    |   .   |   1   |   2   |   3   |   4   |   5   | Total  
                                                                ---------------+-------+-------+-------+-------+-------+-------+------- 
                                                                              0| 364277|      0|      0|      0|      0|      0| 364277 
                                                                               |  35.55|   0.00|   0.00|   0.00|   0.00|   0.00|  35.55 
                                                                               | 100.00|   0.00|   0.00|   0.00|   0.00|   0.00|        
                                                                               |  49.72|   0.00|   0.00|   0.00|   0.00|   0.00|        
                                                                ---------------+-------+-------+-------+-------+-------+-------+------- 
                                                                              1| 368443| 197790|  72055|  17058|   4198|    931| 660475 
                                                                               |  35.95|  19.30|   7.03|   1.66|   0.41|   0.09|  64.45 
                                                                               |  55.78|  29.95|  10.91|   2.58|   0.64|   0.14|        
                                                                               |  50.28| 100.00| 100.00| 100.00| 100.00| 100.00|        
                                                                ---------------+-------+-------+-------+-------+-------+-------+------- 
                                                                          Total| 732720| 197790|  72055|  17058|   4198|    931|1024752 
                                                                               |  71.50|  19.30|   7.03|   1.66|   0.41|   0.09| 100.00 
                                                                                                                                        
                                                                                                                                                                     11:37 Wednesday, July 29, 2015    6

                                                                                           The FREQ Procedure

                                                                    Table of chosen_cac_ind_number by chosen_match_level
                                                                                                                                   
                                                                     chosen_cac_ind_number|      chosen_match_level       |        
                                                                     ---------------------+-------------------------------|        
                                                                           Frequency      |       |       |       |       |        
                                                                            Percent       |       |       |       |       |        
                                                                            Row Pct       |       |       |       |       |        
                                                                            Col Pct       |   .   |   1   |   2   |   3   | Total  
                                                                     ---------------------+-------+-------+-------+-------+------- 
                                                                                         .| 732720|      0|      0|      0| 732720 
                                                                                          |  71.50|   0.00|   0.00|   0.00|  71.50 
                                                                                          | 100.00|   0.00|   0.00|   0.00|        
                                                                                          | 100.00|   0.00|   0.00|   0.00|        
                                                                     ---------------------+-------+-------+-------+-------+------- 
                                                                                         1|      0| 178829|  15727|   3234| 197790 
                                                                                          |   0.00|  17.45|   1.53|   0.32|  19.30 
                                                                                          |   0.00|  90.41|   7.95|   1.64|        
                                                                                          |   0.00|  68.09|  65.97|  58.17|        
                                                                     ---------------------+-------+-------+-------+-------+------- 
                                                                                         2|      0|  64139|   6241|   1675|  72055 
                                                                                          |   0.00|   6.26|   0.61|   0.16|   7.03 
                                                                                          |   0.00|  89.01|   8.66|   2.32|        
                                                                                          |   0.00|  24.42|  26.18|  30.13|        
                                                                     ---------------------+-------+-------+-------+-------+------- 
                                                                                         3|      0|  15178|   1400|    480|  17058 
                                                                                          |   0.00|   1.48|   0.14|   0.05|   1.66 
                                                                                          |   0.00|  88.98|   8.21|   2.81|        
                                                                                          |   0.00|   5.78|   5.87|   8.63|        
                                                                     ---------------------+-------+-------+-------+-------+------- 
                                                                                         4|      0|   3683|    383|    132|   4198 
                                                                                          |   0.00|   0.36|   0.04|   0.01|   0.41 
                                                                                          |   0.00|  87.73|   9.12|   3.14|        
                                                                                          |   0.00|   1.40|   1.61|   2.37|        
                                                                     ---------------------+-------+-------+-------+-------+------- 
                                                                                         5|      0|    805|     87|     39|    931 
                                                                                          |   0.00|   0.08|   0.01|   0.00|   0.09 
                                                                                          |   0.00|  86.47|   9.34|   4.19|        
                                                                                          |   0.00|   0.31|   0.36|   0.70|        
                                                                     ---------------------+-------+-------+-------+-------+------- 
                                                                                     Total| 732720| 262634|  23838|   5560|1024752 
                                                                                          |  71.50|  25.63|   2.33|   0.54| 100.00 
                                                                                                                                   
                                                                                             match_level 2                                                           11:37 Wednesday, July 29, 2015    7

                                                                                           The FREQ Procedure

                                                                                                                Cumulative    Cumulative
                                                                chosen_spedis_score    Frequency     Percent     Frequency      Percent 
                                                                ------------------------------------------------------------------------
                                                                 0                          141        0.59           141         0.59  
                                                                 2                           20        0.08           161         0.68  
                                                                 3                          368        1.54           529         2.22  
                                                                 4                          306        1.28           835         3.50  
                                                                 5                         1384        5.81          2219         9.31  
                                                                 6                          530        2.22          2749        11.53  
                                                                 7                         1240        5.20          3989        16.73  
                                                                 8                         1371        5.75          5360        22.49  
                                                                 9                           23        0.10          5383        22.58  
                                                                10                          806        3.38          6189        25.96  
                                                                11                          683        2.87          6872        28.83  
                                                                12                          804        3.37          7676        32.20  
                                                                13                          147        0.62          7823        32.82  
                                                                14                         1595        6.69          9418        39.51  
                                                                15                          534        2.24          9952        41.75  
                                                                16                         1475        6.19         11427        47.94  
                                                                17                         1086        4.56         12513        52.49  
                                                                18                          168        0.70         12681        53.20  
                                                                19                          674        2.83         13355        56.02  
                                                                20                         1059        4.44         14414        60.47  
                                                                21                         1626        6.82         16040        67.29  
                                                                22                          546        2.29         16586        69.58  
                                                                23                          241        1.01         16827        70.59  
                                                                24                          140        0.59         16967        71.18  
                                                                25                         1106        4.64         18073        75.82  
                                                                26                          871        3.65         18944        79.47  
                                                                27                          225        0.94         19169        80.41  
                                                                28                         1088        4.56         20257        84.98  
                                                                29                          622        2.61         20879        87.59  
                                                                30                         1135        4.76         22014        92.35  
                                                                31                          219        0.92         22233        93.27  
                                                                32                           14        0.06         22247        93.33  
                                                                33                          878        3.68         23125        97.01  
                                                                34                          713        2.99         23838       100.00  
                                                                                             match_level 3                                                           11:37 Wednesday, July 29, 2015    8

                                                                                           The FREQ Procedure

                                                                                                                Cumulative    Cumulative
                                                                chosen_spedis_score    Frequency     Percent     Frequency      Percent 
                                                                ------------------------------------------------------------------------
                                                                 35                          87        1.56            87         1.56  
                                                                 36                           2        0.04            89         1.60  
                                                                 37                         353        6.35           442         7.95  
                                                                 38                         471        8.47           913        16.42  
                                                                 39                         301        5.41          1214        21.83  
                                                                 40                         344        6.19          1558        28.02  
                                                                 41                         202        3.63          1760        31.65  
                                                                 42                         134        2.41          1894        34.06  
                                                                 43                          36        0.65          1930        34.71  
                                                                 44                          74        1.33          2004        36.04  
                                                                 45                         236        4.24          2240        40.29  
                                                                 46                          92        1.65          2332        41.94  
                                                                 47                         594       10.68          2926        52.63  
                                                                 48                          15        0.27          2941        52.90  
                                                                 49                           3        0.05          2944        52.95  
                                                                 50                         926       16.65          3870        69.60  
                                                                 52                          13        0.23          3883        69.84  
                                                                 53                           2        0.04          3885        69.87  
                                                                 54                          37        0.67          3922        70.54  
                                                                 55                          15        0.27          3937        70.81  
                                                                 56                          21        0.38          3958        71.19  
                                                                 57                          91        1.64          4049        72.82  
                                                                 58                         135        2.43          4184        75.25  
                                                                 59                           6        0.11          4190        75.36  
                                                                 60                         116        2.09          4306        77.45  
                                                                 62                         127        2.28          4433        79.73  
                                                                 63                           2        0.04          4435        79.77  
                                                                 64                          22        0.40          4457        80.16  
                                                                 65                           3        0.05          4460        80.22  
                                                                 66                         133        2.39          4593        82.61  
                                                                 67                           3        0.05          4596        82.66  
                                                                 68                          11        0.20          4607        82.86  
                                                                 69                           1        0.02          4608        82.88  
                                                                 70                          53        0.95          4661        83.83  
                                                                 71                           8        0.14          4669        83.97  
                                                                 75                         145        2.61          4814        86.58  
                                                                 78                           3        0.05          4817        86.64  
                                                                 79                           1        0.02          4818        86.65  
                                                                 80                          19        0.34          4837        87.00  
                                                                 81                           1        0.02          4838        87.01  
                                                                 83                          99        1.78          4937        88.79  
                                                                 85                           1        0.02          4938        88.81  
                                                                 87                          32        0.58          4970        89.39  
                                                                 90                           8        0.14          4978        89.53  
                                                                 91                          15        0.27          4993        89.80  
                                                                 92                           1        0.02          4994        89.82  
                                                                 93                           3        0.05          4997        89.87  
                                                                 95                           1        0.02          4998        89.89  
                                                                100                         131        2.36          5129        92.25  
                                                                105                           1        0.02          5130        92.27  
                                                                106                           3        0.05          5133        92.32  
                                                                108                           7        0.13          5140        92.45  
                                                                110                           3        0.05          5143        92.50  
                                                                112                          10        0.18          5153        92.68  
                                                                116                          18        0.32          5171        93.00  
                                                                125                          96        1.73          5267        94.73  
                                                                130                           2        0.04          5269        94.77  
                                                                133                           5        0.09          5274        94.86  
                                                                137                           1        0.02          5275        94.87  
                                                                140                           2        0.04          5277        94.91  
                                                                150                          72        1.29          5349        96.21  
                                                                156                           2        0.04          5351        96.24  
                                                                162                           2        0.04          5353        96.28  
                                                                175                          14        0.25          5367        96.53  
                                                                183                           1        0.02          5368        96.55  
                                                                200                          68        1.22          5436        97.77  
                                                                250                          64        1.15          5500        98.92  
                                                                300                          49        0.88          5549        99.80  
                                                                350                           9        0.16          5558        99.96  
                                                                400                           1        0.02          5559        99.98  
                                                                450                           1        0.02          5560       100.00  
                                                                    Prepared for                                                                     9
                                                                 Data Quality Report
                                                           Library:WORK  Member:scored__AL
                                                              Total Observations: 513610

                                                                                                              Number of     Numeric or          
   Variable                                                                   Label                         Observations    Character     Levels

   CAC_HH_PID                                            Household Persistent ID                                513,610     Character        50+
                                                                                                                                                
   CAC_NAME_LAST                                         Household Name                                         513,610     Character        50+
                                                                                                                                                
   bridge_address1                                       Address Line 1 From Bridge                             513,610     Character        50+
                                                                                                                                                
   bridge_address2                                       Address Line 2 From Bridge                                   0     Character         0 
                                                                                                                                                
   bridge_city                                           Address City From Bridge                               513,610     Character        50+
                                                                                                                                                
   bridge_name_first                                     First Name From Bridge                                 513,610     Character        50+
                                                                                                                                                
   bridge_name_last                                      Last Name From Bridge                                  513,610     Character        50+
                                                                                                                                                
   bridge_name_last_exact                                                                                       513,610     Character        50+
                                                                                                                                                
   bridge_name_last_fuzzy1                                                                                      513,610     Character        50+
                                                                                                                                                
   bridge_state                                          Address State From Bridge                              513,610     Character         1 
                                                         Value AL    100%                                       513,610                         
                                                                                                                                                
   bridge_zip5                                           Address Zip 5 From Bridge                              513,610     Character        50+
                                                                                                                                                
   cac_bridge_md5email_id                                Unique ID To Append Email Addresses From Bridge        513,610     Character        50+

                                                             Number        Zero          Mean        Median       Minimum       Maximum    Variable
   Variable                                                 Missing      Values         Value         Value         Value         Value     Format 

   CAC_HH_PID                                                     0                                                                          $27   
                                                                                                                                                   
   CAC_NAME_LAST                                                  0                                                                                
                                                                                                                                                   
   bridge_address1                                                0                                                                          $50   
                                                                                                                                                   
   bridge_address2                                          513,610                                                                          $50   
                                                                                                                                                   
   bridge_city                                                    0                                                                          $30   
                                                                                                                                                   
   bridge_name_first                                              0                                                                          $25   
                                                                                                                                                   
   bridge_name_last                                               0                                                                          $25   
                                                                                                                                                   
   bridge_name_last_exact                                         0                                                                                
                                                                                                                                                   
   bridge_name_last_fuzzy1                                        0                                                                                
                                                                                                                                                   
   bridge_state                                                   0                                                                          $2    
                                                                                                                                                   
                                                                                                                                                   
   bridge_zip5                                                    0                                                                          $5    
                                                                                                                                                   
   cac_bridge_md5email_id                                         0                                                                          $50   

                                                             Prepared by CAC Group, Inc.
                                                                    Prepared for                                                                    10
                                                                 Data Quality Report
                                                           Library:WORK  Member:scored__AL
                                                              Total Observations: 513610

                                                                                      Number of     Numeric or                  Number        Zero
    Variable                                                      Label             Observations    Character     Levels       Missing      Values

                                                                                                                                                  
    chosen_cac_ind_gender                                                               513,610     Numeric           2              0           0
                                                          Value        1   43.1%        221,578                                                   
                                                          Value        2   56.9%        292,032                                                   
                                                                                                                                                  
    chosen_cac_ind_last                                                                 513,610     Character        50+             0            
                                                                                                                                                  
    chosen_cac_ind_mi                                                                   432,832     Character        26         80,778            
                                                                                                                                                  
    chosen_cac_ind_name                                                                 513,610     Character        50+             0            
                                                                                                                                                  
    chosen_cac_ind_number                                                               513,610     Numeric           5              0           0
                                                          Value        1   67.1%        344,595                                                   
                                                          Value        2   24.3%        124,556                                                   
                                                          Value        3    6.7%         34,201                                                   
                                                          Value        4    1.7%          8,524                                                   
                                                          Value        5    0.3%          1,734                                                   
                                                                                                                                                  
    chosen_first_x_of_x_flag                                                            513,610     Numeric           2              0       3,246
                                                                                                                                                  
    chosen_match_level                                                                  513,610     Numeric           3              0           0
                                                          Value        1   89.0%        457,052                                                   
                                                          Value        2    9.1%         46,584                                                   
                                                          Value        3    1.9%          9,974                                                   

                                                                Mean        Median       Minimum       Maximum    Variable
    Variable                                                   Value         Value         Value         Value     Format 

                                                                                                                          
    chosen_cac_ind_gender                                     1.5686        2.0000        1.0000        2.0000      8     
                                                                                                                          
                                                                                                                          
                                                                                                                          
    chosen_cac_ind_last                                                                                             $20   
                                                                                                                          
    chosen_cac_ind_mi                                                                                               $1    
                                                                                                                          
    chosen_cac_ind_name                                                                                             $14   
                                                                                                                          
    chosen_cac_ind_number                                     1.4390        1.0000        1.0000        5.0000      8     
                                                                                                                          
                                                                                                                          
                                                                                                                          
                                                                                                                          
                                                                                                                          
                                                                                                                          
    chosen_first_x_of_x_flag                                  0.9937        1.0000        0.0000        1.0000      8     
                                                                                                                          
    chosen_match_level                                        1.1295        1.0000        1.0000        3.0000      8     
                                                                                                                          
                                                                                                                          
                                                                                                                          

                                                             Prepared by CAC Group, Inc.
                                                                    Prepared for                                                                    11
                                                                 Data Quality Report
                                                           Library:WORK  Member:scored__AL
                                                              Total Observations: 513610

                                                                                      Number of     Numeric or                  Number        Zero
    Variable                                                      Label             Observations    Character     Levels       Missing      Values

                                                                                                                                                  
    chosen_spedis_score                                                                 513,610      Numeric         50+             0     457,263
                                                                                                                                                  
    last_name_match                                                                     513,610      Numeric          1              0           0
                                                          Value        1    100%        513,610                                                   
                                                                                                                                                  

                                                                Mean        Median       Minimum       Maximum    Variable
    Variable                                                   Value         Value         Value         Value     Format 

                                                                                                                          
    chosen_spedis_score                                       2.7928        0.0000        0.0000      500.0000       8    
                                                                                                                          
    last_name_match                                           1.0000        1.0000        1.0000        1.0000            
                                                                                                                          
                                                                                                                          





































                                                             Prepared by CAC Group, Inc.
