                                                                                             The WPS System                                                          11:39 Wednesday, July 29, 2015    1

                                                                                           The FREQ Procedure

                                                               Table of last_name_match by chosen_cac_ind_number
                                                                                                                                        
                                                                last_name_match|             chosen_cac_ind_number             |        
                                                                ---------------+-----------------------------------------------|        
                                                                   Frequency   |       |       |       |       |       |       |        
                                                                    Percent    |       |       |       |       |       |       |        
                                                                    Row Pct    |       |       |       |       |       |       |        
                                                                    Col Pct    |   .   |   1   |   2   |   3   |   4   |   5   | Total  
                                                                ---------------+-------+-------+-------+-------+-------+-------+------- 
                                                                              0| 345113|      0|      0|      0|      0|      0| 345113 
                                                                               |  34.30|   0.00|   0.00|   0.00|   0.00|   0.00|  34.30 
                                                                               | 100.00|   0.00|   0.00|   0.00|   0.00|   0.00|        
                                                                               |  44.08|   0.00|   0.00|   0.00|   0.00|   0.00|        
                                                                ---------------+-------+-------+-------+-------+-------+-------+------- 
                                                                              1| 437843| 149340|  50867|  17294|   4672|    941| 660957 
                                                                               |  43.52|  14.84|   5.06|   1.72|   0.46|   0.09|  65.70 
                                                                               |  66.24|  22.59|   7.70|   2.62|   0.71|   0.14|        
                                                                               |  55.92| 100.00| 100.00| 100.00| 100.00| 100.00|        
                                                                ---------------+-------+-------+-------+-------+-------+-------+------- 
                                                                          Total| 782956| 149340|  50867|  17294|   4672|    941|1006070 
                                                                               |  77.82|  14.84|   5.06|   1.72|   0.46|   0.09| 100.00 
                                                                                                                                        
                                                                                             The WPS System                                                          11:39 Wednesday, July 29, 2015    2

                                                                                           The FREQ Procedure

                                                                    Table of chosen_cac_ind_number by chosen_match_level
                                                                                                                                   
                                                                     chosen_cac_ind_number|      chosen_match_level       |        
                                                                     ---------------------+-------------------------------|        
                                                                           Frequency      |       |       |       |       |        
                                                                            Percent       |       |       |       |       |        
                                                                            Row Pct       |       |       |       |       |        
                                                                            Col Pct       |   .   |   1   |   2   |   3   | Total  
                                                                     ---------------------+-------+-------+-------+-------+------- 
                                                                                         .| 782956|      0|      0|      0| 782956 
                                                                                          |  77.82|   0.00|   0.00|   0.00|  77.82 
                                                                                          | 100.00|   0.00|   0.00|   0.00|        
                                                                                          | 100.00|   0.00|   0.00|   0.00|        
                                                                     ---------------------+-------+-------+-------+-------+------- 
                                                                                         1|      0| 134395|  12459|   2486| 149340 
                                                                                          |   0.00|  13.36|   1.24|   0.25|  14.84 
                                                                                          |   0.00|  89.99|   8.34|   1.66|        
                                                                                          |   0.00|  67.22|  66.20|  56.99|        
                                                                     ---------------------+-------+-------+-------+-------+------- 
                                                                                         2|      0|  45332|   4332|   1203|  50867 
                                                                                          |   0.00|   4.51|   0.43|   0.12|   5.06 
                                                                                          |   0.00|  89.12|   8.52|   2.36|        
                                                                                          |   0.00|  22.67|  23.02|  27.58|        
                                                                     ---------------------+-------+-------+-------+-------+------- 
                                                                                         3|      0|  15336|   1501|    457|  17294 
                                                                                          |   0.00|   1.52|   0.15|   0.05|   1.72 
                                                                                          |   0.00|  88.68|   8.68|   2.64|        
                                                                                          |   0.00|   7.67|   7.98|  10.48|        
                                                                     ---------------------+-------+-------+-------+-------+------- 
                                                                                         4|      0|   4061|    440|    171|   4672 
                                                                                          |   0.00|   0.40|   0.04|   0.02|   0.46 
                                                                                          |   0.00|  86.92|   9.42|   3.66|        
                                                                                          |   0.00|   2.03|   2.34|   3.92|        
                                                                     ---------------------+-------+-------+-------+-------+------- 
                                                                                         5|      0|    807|     89|     45|    941 
                                                                                          |   0.00|   0.08|   0.01|   0.00|   0.09 
                                                                                          |   0.00|  85.76|   9.46|   4.78|        
                                                                                          |   0.00|   0.40|   0.47|   1.03|        
                                                                     ---------------------+-------+-------+-------+-------+------- 
                                                                                     Total| 782956| 199931|  18821|   4362|1006070 
                                                                                          |  77.82|  19.87|   1.87|   0.43| 100.00 
                                                                                                                                   
                                                                                             match_level 2                                                           11:39 Wednesday, July 29, 2015    3

                                                                                           The FREQ Procedure

                                                                                                                Cumulative    Cumulative
                                                                chosen_spedis_score    Frequency     Percent     Frequency      Percent 
                                                                ------------------------------------------------------------------------
                                                                 0                           64        0.34            64         0.34  
                                                                 2                           13        0.07            77         0.41  
                                                                 3                          101        0.54           178         0.95  
                                                                 4                          241        1.28           419         2.23  
                                                                 5                          895        4.76          1314         6.98  
                                                                 6                          189        1.00          1503         7.99  
                                                                 7                         1233        6.55          2736        14.54  
                                                                 8                          497        2.64          3233        17.18  
                                                                 9                           33        0.18          3266        17.35  
                                                                10                          650        3.45          3916        20.81  
                                                                11                          757        4.02          4673        24.83  
                                                                12                          474        2.52          5147        27.35  
                                                                13                          129        0.69          5276        28.03  
                                                                14                          783        4.16          6059        32.19  
                                                                15                         1567        8.33          7626        40.52  
                                                                16                          739        3.93          8365        44.45  
                                                                17                         1093        5.81          9458        50.25  
                                                                18                           49        0.26          9507        50.51  
                                                                19                         1263        6.71         10770        57.22  
                                                                20                         1387        7.37         12157        64.59  
                                                                21                          485        2.58         12642        67.17  
                                                                22                          238        1.26         12880        68.43  
                                                                23                          209        1.11         13089        69.54  
                                                                24                          338        1.80         13427        71.34  
                                                                25                          795        4.22         14222        75.56  
                                                                26                          213        1.13         14435        76.70  
                                                                27                          232        1.23         14667        77.93  
                                                                28                         1514        8.04         16181        85.97  
                                                                29                          533        2.83         16714        88.81  
                                                                30                          825        4.38         17539        93.19  
                                                                31                          115        0.61         17654        93.80  
                                                                32                           13        0.07         17667        93.87  
                                                                33                          722        3.84         18389        97.70  
                                                                34                          432        2.30         18821       100.00  
                                                                                             match_level 3                                                           11:39 Wednesday, July 29, 2015    4

                                                                                           The FREQ Procedure

                                                                                                                Cumulative    Cumulative
                                                                chosen_spedis_score    Frequency     Percent     Frequency      Percent 
                                                                ------------------------------------------------------------------------
                                                                 35                          87        1.99            87         1.99  
                                                                 36                           4        0.09            91         2.09  
                                                                 37                         289        6.63           380         8.71  
                                                                 38                         265        6.08           645        14.79  
                                                                 39                         378        8.67          1023        23.45  
                                                                 40                         394        9.03          1417        32.49  
                                                                 41                         116        2.66          1533        35.14  
                                                                 42                         120        2.75          1653        37.90  
                                                                 43                          29        0.66          1682        38.56  
                                                                 44                           4        0.09          1686        38.65  
                                                                 45                          58        1.33          1744        39.98  
                                                                 46                          63        1.44          1807        41.43  
                                                                 47                         105        2.41          1912        43.83  
                                                                 48                           4        0.09          1916        43.92  
                                                                 49                           1        0.02          1917        43.95  
                                                                 50                         917       21.02          2834        64.97  
                                                                 52                           3        0.07          2837        65.04  
                                                                 53                           6        0.14          2843        65.18  
                                                                 54                          94        2.15          2937        67.33  
                                                                 55                          41        0.94          2978        68.27  
                                                                 56                          15        0.34          2993        68.62  
                                                                 57                         101        2.32          3094        70.93  
                                                                 58                         120        2.75          3214        73.68  
                                                                 59                           3        0.07          3217        73.75  
                                                                 60                         176        4.03          3393        77.79  
                                                                 62                         114        2.61          3507        80.40  
                                                                 64                          14        0.32          3521        80.72  
                                                                 65                          39        0.89          3560        81.61  
                                                                 66                         175        4.01          3735        85.63  
                                                                 67                           2        0.05          3737        85.67  
                                                                 68                          20        0.46          3757        86.13  
                                                                 70                          60        1.38          3817        87.51  
                                                                 71                           3        0.07          3820        87.57  
                                                                 75                         108        2.48          3928        90.05  
                                                                 77                           1        0.02          3929        90.07  
                                                                 78                           1        0.02          3930        90.10  
                                                                 79                           3        0.07          3933        90.17  
                                                                 80                          19        0.44          3952        90.60  
                                                                 81                           5        0.11          3957        90.72  
                                                                 82                           1        0.02          3958        90.74  
                                                                 83                          93        2.13          4051        92.87  
                                                                 85                           3        0.07          4054        92.94  
                                                                 87                          28        0.64          4082        93.58  
                                                                 90                           9        0.21          4091        93.79  
                                                                 91                           9        0.21          4100        93.99  
                                                                 92                           2        0.05          4102        94.04  
                                                                 93                           1        0.02          4103        94.06  
                                                                 95                           2        0.05          4105        94.11  
                                                                100                          91        2.09          4196        96.19  
                                                                106                           1        0.02          4197        96.22  
                                                                107                           1        0.02          4198        96.24  
                                                                108                          10        0.23          4208        96.47  
                                                                110                           1        0.02          4209        96.49  
                                                                112                           3        0.07          4212        96.56  
                                                                116                          14        0.32          4226        96.88  
                                                                120                           2        0.05          4228        96.93  
                                                                125                          12        0.28          4240        97.20  
                                                                131                           1        0.02          4241        97.23  
                                                                133                           8        0.18          4249        97.41  
                                                                137                           2        0.05          4251        97.46  
                                                                140                           1        0.02          4252        97.48  
                                                                150                          24        0.55          4276        98.03  
                                                                162                           1        0.02          4277        98.05  
                                                                166                           1        0.02          4278        98.07  
                                                                175                           1        0.02          4279        98.10  
                                                                183                           1        0.02          4280        98.12  
                                                                200                          23        0.53          4303        98.65  
                                                                225                           1        0.02          4304        98.67  
                                                                233                           1        0.02          4305        98.69  
                                                                250                          24        0.55          4329        99.24  
                                                                300                          14        0.32          4343        99.56  
                                                                350                          15        0.34          4358        99.91  
                                                                400                           3        0.07          4361        99.98  
                                                                650                           1        0.02          4362       100.00  
                                                                                                                                                                     11:39 Wednesday, July 29, 2015    5

                                                                                           The FREQ Procedure

                                                               Table of last_name_match by chosen_cac_ind_number
                                                                                                                                        
                                                                last_name_match|             chosen_cac_ind_number             |        
                                                                ---------------+-----------------------------------------------|        
                                                                   Frequency   |       |       |       |       |       |       |        
                                                                    Percent    |       |       |       |       |       |       |        
                                                                    Row Pct    |       |       |       |       |       |       |        
                                                                    Col Pct    |   .   |   1   |   2   |   3   |   4   |   5   | Total  
                                                                ---------------+-------+-------+-------+-------+-------+-------+------- 
                                                                              0| 345113|      0|      0|      0|      0|      0| 345113 
                                                                               |  34.30|   0.00|   0.00|   0.00|   0.00|   0.00|  34.30 
                                                                               | 100.00|   0.00|   0.00|   0.00|   0.00|   0.00|        
                                                                               |  48.27|   0.00|   0.00|   0.00|   0.00|   0.00|        
                                                                ---------------+-------+-------+-------+-------+-------+-------+------- 
                                                                              1| 369781| 193711|  72174|  19268|   4957|   1066| 660957 
                                                                               |  36.75|  19.25|   7.17|   1.92|   0.49|   0.11|  65.70 
                                                                               |  55.95|  29.31|  10.92|   2.92|   0.75|   0.16|        
                                                                               |  51.73| 100.00| 100.00| 100.00| 100.00| 100.00|        
                                                                ---------------+-------+-------+-------+-------+-------+-------+------- 
                                                                          Total| 714894| 193711|  72174|  19268|   4957|   1066|1006070 
                                                                               |  71.06|  19.25|   7.17|   1.92|   0.49|   0.11| 100.00 
                                                                                                                                        
                                                                                                                                                                     11:39 Wednesday, July 29, 2015    6

                                                                                           The FREQ Procedure

                                                                    Table of chosen_cac_ind_number by chosen_match_level
                                                                                                                                   
                                                                     chosen_cac_ind_number|      chosen_match_level       |        
                                                                     ---------------------+-------------------------------|        
                                                                           Frequency      |       |       |       |       |        
                                                                            Percent       |       |       |       |       |        
                                                                            Row Pct       |       |       |       |       |        
                                                                            Col Pct       |   .   |   1   |   2   |   3   | Total  
                                                                     ---------------------+-------+-------+-------+-------+------- 
                                                                                         .| 714894|      0|      0|      0| 714894 
                                                                                          |  71.06|   0.00|   0.00|   0.00|  71.06 
                                                                                          | 100.00|   0.00|   0.00|   0.00|        
                                                                                          | 100.00|   0.00|   0.00|   0.00|        
                                                                     ---------------------+-------+-------+-------+-------+------- 
                                                                                         1|      0| 175927|  14645|   3139| 193711 
                                                                                          |   0.00|  17.49|   1.46|   0.31|  19.25 
                                                                                          |   0.00|  90.82|   7.56|   1.62|        
                                                                                          |   0.00|  66.85|  64.99|  57.39|        
                                                                     ---------------------+-------+-------+-------+-------+------- 
                                                                                         2|      0|  64677|   5907|   1590|  72174 
                                                                                          |   0.00|   6.43|   0.59|   0.16|   7.17 
                                                                                          |   0.00|  89.61|   8.18|   2.20|        
                                                                                          |   0.00|  24.58|  26.21|  29.07|        
                                                                     ---------------------+-------+-------+-------+-------+------- 
                                                                                         3|      0|  17256|   1458|    554|  19268 
                                                                                          |   0.00|   1.72|   0.14|   0.06|   1.92 
                                                                                          |   0.00|  89.56|   7.57|   2.88|        
                                                                                          |   0.00|   6.56|   6.47|  10.13|        
                                                                     ---------------------+-------+-------+-------+-------+------- 
                                                                                         4|      0|   4394|    416|    147|   4957 
                                                                                          |   0.00|   0.44|   0.04|   0.01|   0.49 
                                                                                          |   0.00|  88.64|   8.39|   2.97|        
                                                                                          |   0.00|   1.67|   1.85|   2.69|        
                                                                     ---------------------+-------+-------+-------+-------+------- 
                                                                                         5|      0|    917|    109|     40|   1066 
                                                                                          |   0.00|   0.09|   0.01|   0.00|   0.11 
                                                                                          |   0.00|  86.02|  10.23|   3.75|        
                                                                                          |   0.00|   0.35|   0.48|   0.73|        
                                                                     ---------------------+-------+-------+-------+-------+------- 
                                                                                     Total| 714894| 263171|  22535|   5470|1006070 
                                                                                          |  71.06|  26.16|   2.24|   0.54| 100.00 
                                                                                                                                   
                                                                                             match_level 2                                                           11:39 Wednesday, July 29, 2015    7

                                                                                           The FREQ Procedure

                                                                                                                Cumulative    Cumulative
                                                                chosen_spedis_score    Frequency     Percent     Frequency      Percent 
                                                                ------------------------------------------------------------------------
                                                                 0                          148        0.66           148         0.66  
                                                                 2                           22        0.10           170         0.75  
                                                                 3                          371        1.65           541         2.40  
                                                                 4                          376        1.67           917         4.07  
                                                                 5                         1211        5.37          2128         9.44  
                                                                 6                          614        2.72          2742        12.17  
                                                                 7                         1209        5.36          3951        17.53  
                                                                 8                         1370        6.08          5321        23.61  
                                                                 9                           26        0.12          5347        23.73  
                                                                10                          659        2.92          6006        26.65  
                                                                11                          639        2.84          6645        29.49  
                                                                12                          803        3.56          7448        33.05  
                                                                13                          153        0.68          7601        33.73  
                                                                14                         1369        6.07          8970        39.80  
                                                                15                          590        2.62          9560        42.42  
                                                                16                         1507        6.69         11067        49.11  
                                                                17                          887        3.94         11954        53.05  
                                                                18                          165        0.73         12119        53.78  
                                                                19                          678        3.01         12797        56.79  
                                                                20                          938        4.16         13735        60.95  
                                                                21                         1183        5.25         14918        66.20  
                                                                22                          548        2.43         15466        68.63  
                                                                23                          156        0.69         15622        69.32  
                                                                24                          146        0.65         15768        69.97  
                                                                25                         1198        5.32         16966        75.29  
                                                                26                          706        3.13         17672        78.42  
                                                                27                          250        1.11         17922        79.53  
                                                                28                         1012        4.49         18934        84.02  
                                                                29                          593        2.63         19527        86.65  
                                                                30                         1126        5.00         20653        91.65  
                                                                31                          295        1.31         20948        92.96  
                                                                32                           14        0.06         20962        93.02  
                                                                33                          912        4.05         21874        97.07  
                                                                34                          661        2.93         22535       100.00  
                                                                                             match_level 3                                                           11:39 Wednesday, July 29, 2015    8

                                                                                           The FREQ Procedure

                                                                                                                Cumulative    Cumulative
                                                                chosen_spedis_score    Frequency     Percent     Frequency      Percent 
                                                                ------------------------------------------------------------------------
                                                                 35                         107        1.96           107         1.96  
                                                                 36                           1        0.02           108         1.97  
                                                                 37                         379        6.93           487         8.90  
                                                                 38                         404        7.39           891        16.29  
                                                                 39                         261        4.77          1152        21.06  
                                                                 40                         290        5.30          1442        26.36  
                                                                 41                         225        4.11          1667        30.48  
                                                                 42                         138        2.52          1805        33.00  
                                                                 43                          46        0.84          1851        33.84  
                                                                 44                         109        1.99          1960        35.83  
                                                                 45                         291        5.32          2251        41.15  
                                                                 46                          98        1.79          2349        42.94  
                                                                 47                         488        8.92          2837        51.86  
                                                                 48                           8        0.15          2845        52.01  
                                                                 49                           2        0.04          2847        52.05  
                                                                 50                         949       17.35          3796        69.40  
                                                                 51                           1        0.02          3797        69.41  
                                                                 52                           7        0.13          3804        69.54  
                                                                 53                           9        0.16          3813        69.71  
                                                                 54                          51        0.93          3864        70.64  
                                                                 55                          22        0.40          3886        71.04  
                                                                 56                          31        0.57          3917        71.61  
                                                                 57                          94        1.72          4011        73.33  
                                                                 58                         122        2.23          4133        75.56  
                                                                 59                           7        0.13          4140        75.69  
                                                                 60                         134        2.45          4274        78.14  
                                                                 61                           1        0.02          4275        78.15  
                                                                 62                         144        2.63          4419        80.79  
                                                                 64                          23        0.42          4442        81.21  
                                                                 65                          12        0.22          4454        81.43  
                                                                 66                         110        2.01          4564        83.44  
                                                                 67                           2        0.04          4566        83.47  
                                                                 68                          16        0.29          4582        83.77  
                                                                 70                          53        0.97          4635        84.73  
                                                                 71                           6        0.11          4641        84.84  
                                                                 72                           1        0.02          4642        84.86  
                                                                 75                         135        2.47          4777        87.33  
                                                                 77                           2        0.04          4779        87.37  
                                                                 78                           2        0.04          4781        87.40  
                                                                 80                          25        0.46          4806        87.86  
                                                                 81                           1        0.02          4807        87.88  
                                                                 83                          82        1.50          4889        89.38  
                                                                 84                           1        0.02          4890        89.40  
                                                                 85                           4        0.07          4894        89.47  
                                                                 87                          34        0.62          4928        90.09  
                                                                 89                           1        0.02          4929        90.11  
                                                                 90                          20        0.37          4949        90.48  
                                                                 91                          12        0.22          4961        90.69  
                                                                 93                           1        0.02          4962        90.71  
                                                                 95                           1        0.02          4963        90.73  
                                                                100                         148        2.71          5111        93.44  
                                                                104                           1        0.02          5112        93.46  
                                                                108                           7        0.13          5119        93.58  
                                                                110                           2        0.04          5121        93.62  
                                                                112                          12        0.22          5133        93.84  
                                                                116                          19        0.35          5152        94.19  
                                                                120                           2        0.04          5154        94.22  
                                                                125                          55        1.01          5209        95.23  
                                                                130                           1        0.02          5210        95.25  
                                                                133                           7        0.13          5217        95.37  
                                                                137                           6        0.11          5223        95.48  
                                                                145                           1        0.02          5224        95.50  
                                                                150                          60        1.10          5284        96.60  
                                                                175                           7        0.13          5291        96.73  
                                                                183                           1        0.02          5292        96.75  
                                                                187                           2        0.04          5294        96.78  
                                                                200                          48        0.88          5342        97.66  
                                                                250                          75        1.37          5417        99.03  
                                                                300                          32        0.59          5449        99.62  
                                                                350                          13        0.24          5462        99.85  
                                                                400                           6        0.11          5468        99.96  
                                                                450                           1        0.02          5469        99.98  
                                                                650                           1        0.02          5470       100.00  
                                                                    Prepared for                                                                     9
                                                                 Data Quality Report
                                                           Library:WORK  Member:scored__LA
                                                              Total Observations: 514290

                                                                                                              Number of     Numeric or          
   Variable                                                                   Label                         Observations    Character     Levels

   CAC_HH_PID                                            Household Persistent ID                                514,290     Character        50+
                                                                                                                                                
   CAC_NAME_LAST                                         Household Name                                         514,290     Character        50+
                                                                                                                                                
   bridge_address1                                       Address Line 1 From Bridge                             514,290     Character        50+
                                                                                                                                                
   bridge_address2                                       Address Line 2 From Bridge                                   0     Character         0 
                                                                                                                                                
   bridge_city                                           Address City From Bridge                               514,290     Character        50+
                                                                                                                                                
   bridge_name_first                                     First Name From Bridge                                 514,290     Character        50+
                                                                                                                                                
   bridge_name_last                                      Last Name From Bridge                                  514,290     Character        50+
                                                                                                                                                
   bridge_name_last_exact                                                                                       514,290     Character        50+
                                                                                                                                                
   bridge_name_last_fuzzy1                                                                                      514,290     Character        50+
                                                                                                                                                
   bridge_state                                          Address State From Bridge                              514,290     Character         1 
                                                         Value LA    100%                                       514,290                         
                                                                                                                                                
   bridge_zip5                                           Address Zip 5 From Bridge                              514,290     Character        50+
                                                                                                                                                
   cac_bridge_md5email_id                                Unique ID To Append Email Addresses From Bridge        514,290     Character        50+

                                                             Number        Zero          Mean        Median       Minimum       Maximum    Variable
   Variable                                                 Missing      Values         Value         Value         Value         Value     Format 

   CAC_HH_PID                                                     0                                                                          $27   
                                                                                                                                                   
   CAC_NAME_LAST                                                  0                                                                                
                                                                                                                                                   
   bridge_address1                                                0                                                                          $50   
                                                                                                                                                   
   bridge_address2                                          514,290                                                                          $50   
                                                                                                                                                   
   bridge_city                                                    0                                                                          $30   
                                                                                                                                                   
   bridge_name_first                                              0                                                                          $25   
                                                                                                                                                   
   bridge_name_last                                               0                                                                          $25   
                                                                                                                                                   
   bridge_name_last_exact                                         0                                                                                
                                                                                                                                                   
   bridge_name_last_fuzzy1                                        0                                                                                
                                                                                                                                                   
   bridge_state                                                   0                                                                          $2    
                                                                                                                                                   
                                                                                                                                                   
   bridge_zip5                                                    0                                                                          $5    
                                                                                                                                                   
   cac_bridge_md5email_id                                         0                                                                          $50   

                                                             Prepared by CAC Group, Inc.
                                                                    Prepared for                                                                    10
                                                                 Data Quality Report
                                                           Library:WORK  Member:scored__LA
                                                              Total Observations: 514290

                                                                                      Number of     Numeric or                  Number        Zero
    Variable                                                      Label             Observations    Character     Levels       Missing      Values

                                                                                                                                                  
    chosen_cac_ind_gender                                                               514,290     Numeric           2              0           0
                                                          Value        1   43.4%        223,114                                                   
                                                          Value        2   56.6%        291,176                                                   
                                                                                                                                                  
    chosen_cac_ind_last                                                                 514,290     Character        50+             0            
                                                                                                                                                  
    chosen_cac_ind_mi                                                                   443,156     Character        26         71,134            
                                                                                                                                                  
    chosen_cac_ind_name                                                                 514,290     Character        50+             0            
                                                                                                                                                  
    chosen_cac_ind_number                                                               514,290     Numeric           5              0           0
                                                          Value        1   66.7%        343,051                                                   
                                                          Value        2   23.9%        123,041                                                   
                                                          Value        3    7.1%         36,562                                                   
                                                          Value        4    1.9%          9,629                                                   
                                                          Value        5    0.4%          2,007                                                   
                                                                                                                                                  
    chosen_first_x_of_x_flag                                                            514,290     Numeric           2              0       2,960
                                                                                                                                                  
    chosen_match_level                                                                  514,290     Numeric           3              0           0
                                                          Value        1   90.0%        463,102                                                   
                                                          Value        2    8.0%         41,356                                                   
                                                          Value        3    1.9%          9,832                                                   

                                                                Mean        Median       Minimum       Maximum    Variable
    Variable                                                   Value         Value         Value         Value     Format 

                                                                                                                          
    chosen_cac_ind_gender                                     1.5662        2.0000        1.0000        2.0000      8     
                                                                                                                          
                                                                                                                          
                                                                                                                          
    chosen_cac_ind_last                                                                                             $20   
                                                                                                                          
    chosen_cac_ind_mi                                                                                               $1    
                                                                                                                          
    chosen_cac_ind_name                                                                                             $14   
                                                                                                                          
    chosen_cac_ind_number                                     1.4532        1.0000        1.0000        5.0000      8     
                                                                                                                          
                                                                                                                          
                                                                                                                          
                                                                                                                          
                                                                                                                          
                                                                                                                          
    chosen_first_x_of_x_flag                                  0.9942        1.0000        0.0000        1.0000      8     
                                                                                                                          
    chosen_match_level                                        1.1186        1.0000        1.0000        3.0000      8     
                                                                                                                          
                                                                                                                          
                                                                                                                          

                                                             Prepared by CAC Group, Inc.
                                                                    Prepared for                                                                    11
                                                                 Data Quality Report
                                                           Library:WORK  Member:scored__LA
                                                              Total Observations: 514290

                                                                                      Number of     Numeric or                  Number        Zero
    Variable                                                      Label             Observations    Character     Levels       Missing      Values

                                                                                                                                                  
    chosen_spedis_score                                                                 514,290      Numeric         50+             0     463,314
                                                                                                                                                  
    last_name_match                                                                     514,290      Numeric          1              0           0
                                                          Value        1    100%        514,290                                                   
                                                                                                                                                  

                                                                Mean        Median       Minimum       Maximum    Variable
    Variable                                                   Value         Value         Value         Value     Format 

                                                                                                                          
    chosen_spedis_score                                       2.5663        0.0000        0.0000      650.0000       8    
                                                                                                                          
    last_name_match                                           1.0000        1.0000        1.0000        1.0000            
                                                                                                                          
                                                                                                                          





































                                                             Prepared by CAC Group, Inc.
