                                                                                             The WPS System                                                          11:42 Wednesday, July 29, 2015    1

                                                                                           The FREQ Procedure

                                                               Table of last_name_match by chosen_cac_ind_number
                                                                                                                                        
                                                                last_name_match|             chosen_cac_ind_number             |        
                                                                ---------------+-----------------------------------------------|        
                                                                   Frequency   |       |       |       |       |       |       |        
                                                                    Percent    |       |       |       |       |       |       |        
                                                                    Row Pct    |       |       |       |       |       |       |        
                                                                    Col Pct    |   .   |   1   |   2   |   3   |   4   |   5   | Total  
                                                                ---------------+-------+-------+-------+-------+-------+-------+------- 
                                                                              0| 126236|      0|      0|      0|      0|      0| 126236 
                                                                               |  38.31|   0.00|   0.00|   0.00|   0.00|   0.00|  38.31 
                                                                               | 100.00|   0.00|   0.00|   0.00|   0.00|   0.00|        
                                                                               |  49.89|   0.00|   0.00|   0.00|   0.00|   0.00|        
                                                                ---------------+-------+-------+-------+-------+-------+-------+------- 
                                                                              1| 126803|  55239|  15389|   4661|   1024|    157| 203273 
                                                                               |  38.48|  16.76|   4.67|   1.41|   0.31|   0.05|  61.69 
                                                                               |  62.38|  27.17|   7.57|   2.29|   0.50|   0.08|        
                                                                               |  50.11| 100.00| 100.00| 100.00| 100.00| 100.00|        
                                                                ---------------+-------+-------+-------+-------+-------+-------+------- 
                                                                          Total| 253039|  55239|  15389|   4661|   1024|    157| 329509 
                                                                               |  76.79|  16.76|   4.67|   1.41|   0.31|   0.05| 100.00 
                                                                                                                                        
                                                                                             The WPS System                                                          11:42 Wednesday, July 29, 2015    2

                                                                                           The FREQ Procedure

                                                                    Table of chosen_cac_ind_number by chosen_match_level
                                                                                                                                   
                                                                     chosen_cac_ind_number|      chosen_match_level       |        
                                                                     ---------------------+-------------------------------|        
                                                                           Frequency      |       |       |       |       |        
                                                                            Percent       |       |       |       |       |        
                                                                            Row Pct       |       |       |       |       |        
                                                                            Col Pct       |   .   |   1   |   2   |   3   | Total  
                                                                     ---------------------+-------+-------+-------+-------+------- 
                                                                                         .| 253039|      0|      0|      0| 253039 
                                                                                          |  76.79|   0.00|   0.00|   0.00|  76.79 
                                                                                          | 100.00|   0.00|   0.00|   0.00|        
                                                                                          | 100.00|   0.00|   0.00|   0.00|        
                                                                     ---------------------+-------+-------+-------+-------+------- 
                                                                                         1|      0|  46371|   8019|    849|  55239 
                                                                                          |   0.00|  14.07|   2.43|   0.26|  16.76 
                                                                                          |   0.00|  83.95|  14.52|   1.54|        
                                                                                          |   0.00|  72.40|  72.65|  61.30|        
                                                                     ---------------------+-------+-------+-------+-------+------- 
                                                                                         2|      0|  12805|   2234|    350|  15389 
                                                                                          |   0.00|   3.89|   0.68|   0.11|   4.67 
                                                                                          |   0.00|  83.21|  14.52|   2.27|        
                                                                                          |   0.00|  19.99|  20.24|  25.27|        
                                                                     ---------------------+-------+-------+-------+-------+------- 
                                                                                         3|      0|   3890|    623|    148|   4661 
                                                                                          |   0.00|   1.18|   0.19|   0.04|   1.41 
                                                                                          |   0.00|  83.46|  13.37|   3.18|        
                                                                                          |   0.00|   6.07|   5.64|  10.69|        
                                                                     ---------------------+-------+-------+-------+-------+------- 
                                                                                         4|      0|    844|    146|     34|   1024 
                                                                                          |   0.00|   0.26|   0.04|   0.01|   0.31 
                                                                                          |   0.00|  82.42|  14.26|   3.32|        
                                                                                          |   0.00|   1.32|   1.32|   2.45|        
                                                                     ---------------------+-------+-------+-------+-------+------- 
                                                                                         5|      0|    137|     16|      4|    157 
                                                                                          |   0.00|   0.04|   0.00|   0.00|   0.05 
                                                                                          |   0.00|  87.26|  10.19|   2.55|        
                                                                                          |   0.00|   0.21|   0.14|   0.29|        
                                                                     ---------------------+-------+-------+-------+-------+------- 
                                                                                     Total| 253039|  64047|  11038|   1385| 329509 
                                                                                          |  76.79|  19.44|   3.35|   0.42| 100.00 
                                                                                                                                   
                                                                                             match_level 2                                                           11:42 Wednesday, July 29, 2015    3

                                                                                           The FREQ Procedure

                                                                                                                Cumulative    Cumulative
                                                                chosen_spedis_score    Frequency     Percent     Frequency      Percent 
                                                                ------------------------------------------------------------------------
                                                                 0                           22        0.20            22         0.20  
                                                                 2                            1        0.01            23         0.21  
                                                                 3                           20        0.18            43         0.39  
                                                                 4                           54        0.49            97         0.88  
                                                                 5                          549        4.97           646         5.85  
                                                                 6                           56        0.51           702         6.36  
                                                                 7                          420        3.81          1122        10.16  
                                                                 8                          120        1.09          1242        11.25  
                                                                 9                            2        0.02          1244        11.27  
                                                                10                          220        1.99          1464        13.26  
                                                                11                          395        3.58          1859        16.84  
                                                                12                          117        1.06          1976        17.90  
                                                                13                           97        0.88          2073        18.78  
                                                                14                          225        2.04          2298        20.82  
                                                                15                         1833       16.61          4131        37.43  
                                                                16                          162        1.47          4293        38.89  
                                                                17                         1433       12.98          5726        51.88  
                                                                18                           16        0.14          5742        52.02  
                                                                19                          534        4.84          6276        56.86  
                                                                20                          903        8.18          7179        65.04  
                                                                21                          263        2.38          7442        67.42  
                                                                22                           76        0.69          7518        68.11  
                                                                23                          121        1.10          7639        69.21  
                                                                24                          216        1.96          7855        71.16  
                                                                25                          365        3.31          8220        74.47  
                                                                26                           85        0.77          8305        75.24  
                                                                27                          338        3.06          8643        78.30  
                                                                28                          950        8.61          9593        86.91  
                                                                29                          308        2.79          9901        89.70  
                                                                30                          350        3.17         10251        92.87  
                                                                31                           35        0.32         10286        93.19  
                                                                33                          271        2.46         10557        95.64  
                                                                34                          481        4.36         11038       100.00  
                                                                                             match_level 3                                                           11:42 Wednesday, July 29, 2015    4

                                                                                           The FREQ Procedure

                                                                                                                Cumulative    Cumulative
                                                                chosen_spedis_score    Frequency     Percent     Frequency      Percent 
                                                                ------------------------------------------------------------------------
                                                                 35                          10        0.72            10         0.72  
                                                                 36                           2        0.14            12         0.87  
                                                                 37                         146       10.54           158        11.41  
                                                                 38                         213       15.38           371        26.79  
                                                                 39                         129        9.31           500        36.10  
                                                                 40                         110        7.94           610        44.04  
                                                                 41                          19        1.37           629        45.42  
                                                                 42                          15        1.08           644        46.50  
                                                                 43                           5        0.36           649        46.86  
                                                                 44                           1        0.07           650        46.93  
                                                                 45                          12        0.87           662        47.80  
                                                                 46                           9        0.65           671        48.45  
                                                                 47                          25        1.81           696        50.25  
                                                                 50                         266       19.21           962        69.46  
                                                                 53                           1        0.07           963        69.53  
                                                                 54                          19        1.37           982        70.90  
                                                                 55                          11        0.79           993        71.70  
                                                                 56                           5        0.36           998        72.06  
                                                                 57                          12        0.87          1010        72.92  
                                                                 58                          15        1.08          1025        74.01  
                                                                 60                          40        2.89          1065        76.90  
                                                                 62                          48        3.47          1113        80.36  
                                                                 64                           2        0.14          1115        80.51  
                                                                 65                          14        1.01          1129        81.52  
                                                                 66                          77        5.56          1206        87.08  
                                                                 67                           1        0.07          1207        87.15  
                                                                 70                           8        0.58          1215        87.73  
                                                                 71                           1        0.07          1216        87.80  
                                                                 75                          29        2.09          1245        89.89  
                                                                 78                           1        0.07          1246        89.96  
                                                                 80                           3        0.22          1249        90.18  
                                                                 81                           1        0.07          1250        90.25  
                                                                 83                          35        2.53          1285        92.78  
                                                                 87                          12        0.87          1297        93.65  
                                                                 90                           3        0.22          1300        93.86  
                                                                 91                           4        0.29          1304        94.15  
                                                                 93                           1        0.07          1305        94.22  
                                                                100                          24        1.73          1329        95.96  
                                                                108                           4        0.29          1333        96.25  
                                                                112                           3        0.22          1336        96.46  
                                                                116                           1        0.07          1337        96.53  
                                                                125                           1        0.07          1338        96.61  
                                                                150                           8        0.58          1346        97.18  
                                                                166                           1        0.07          1347        97.26  
                                                                175                           1        0.07          1348        97.33  
                                                                200                          12        0.87          1360        98.19  
                                                                250                          10        0.72          1370        98.92  
                                                                300                           9        0.65          1379        99.57  
                                                                350                           4        0.29          1383        99.86  
                                                                400                           2        0.14          1385       100.00  
                                                                                                                                                                     11:42 Wednesday, July 29, 2015    5

                                                                                           The FREQ Procedure

                                                               Table of last_name_match by chosen_cac_ind_number
                                                                                                                                        
                                                                last_name_match|             chosen_cac_ind_number             |        
                                                                ---------------+-----------------------------------------------|        
                                                                   Frequency   |       |       |       |       |       |       |        
                                                                    Percent    |       |       |       |       |       |       |        
                                                                    Row Pct    |       |       |       |       |       |       |        
                                                                    Col Pct    |   .   |   1   |   2   |   3   |   4   |   5   | Total  
                                                                ---------------+-------+-------+-------+-------+-------+-------+------- 
                                                                              0| 126236|      0|      0|      0|      0|      0| 126236 
                                                                               |  38.31|   0.00|   0.00|   0.00|   0.00|   0.00|  38.31 
                                                                               | 100.00|   0.00|   0.00|   0.00|   0.00|   0.00|        
                                                                               |  51.75|   0.00|   0.00|   0.00|   0.00|   0.00|        
                                                                ---------------+-------+-------+-------+-------+-------+-------+------- 
                                                                              1| 117706|  53473|  27002|   4058|    888|    146| 203273 
                                                                               |  35.72|  16.23|   8.19|   1.23|   0.27|   0.04|  61.69 
                                                                               |  57.91|  26.31|  13.28|   2.00|   0.44|   0.07|        
                                                                               |  48.25| 100.00| 100.00| 100.00| 100.00| 100.00|        
                                                                ---------------+-------+-------+-------+-------+-------+-------+------- 
                                                                          Total| 243942|  53473|  27002|   4058|    888|    146| 329509 
                                                                               |  74.03|  16.23|   8.19|   1.23|   0.27|   0.04| 100.00 
                                                                                                                                        
                                                                                                                                                                     11:42 Wednesday, July 29, 2015    6

                                                                                           The FREQ Procedure

                                                                    Table of chosen_cac_ind_number by chosen_match_level
                                                                                                                                   
                                                                     chosen_cac_ind_number|      chosen_match_level       |        
                                                                     ---------------------+-------------------------------|        
                                                                           Frequency      |       |       |       |       |        
                                                                            Percent       |       |       |       |       |        
                                                                            Row Pct       |       |       |       |       |        
                                                                            Col Pct       |   .   |   1   |   2   |   3   | Total  
                                                                     ---------------------+-------+-------+-------+-------+------- 
                                                                                         .| 243942|      0|      0|      0| 243942 
                                                                                          |  74.03|   0.00|   0.00|   0.00|  74.03 
                                                                                          | 100.00|   0.00|   0.00|   0.00|        
                                                                                          | 100.00|   0.00|   0.00|   0.00|        
                                                                     ---------------------+-------+-------+-------+-------+------- 
                                                                                         1|      0|  46711|   5671|   1091|  53473 
                                                                                          |   0.00|  14.18|   1.72|   0.33|  16.23 
                                                                                          |   0.00|  87.35|  10.61|   2.04|        
                                                                                          |   0.00|  62.86|  60.79|  56.41|        
                                                                     ---------------------+-------+-------+-------+-------+------- 
                                                                                         2|      0|  23133|   3165|    704|  27002 
                                                                                          |   0.00|   7.02|   0.96|   0.21|   8.19 
                                                                                          |   0.00|  85.67|  11.72|   2.61|        
                                                                                          |   0.00|  31.13|  33.93|  36.40|        
                                                                     ---------------------+-------+-------+-------+-------+------- 
                                                                                         3|      0|   3571|    381|    106|   4058 
                                                                                          |   0.00|   1.08|   0.12|   0.03|   1.23 
                                                                                          |   0.00|  88.00|   9.39|   2.61|        
                                                                                          |   0.00|   4.81|   4.08|   5.48|        
                                                                     ---------------------+-------+-------+-------+-------+------- 
                                                                                         4|      0|    758|     98|     32|    888 
                                                                                          |   0.00|   0.23|   0.03|   0.01|   0.27 
                                                                                          |   0.00|  85.36|  11.04|   3.60|        
                                                                                          |   0.00|   1.02|   1.05|   1.65|        
                                                                     ---------------------+-------+-------+-------+-------+------- 
                                                                                         5|      0|    131|     14|      1|    146 
                                                                                          |   0.00|   0.04|   0.00|   0.00|   0.04 
                                                                                          |   0.00|  89.73|   9.59|   0.68|        
                                                                                          |   0.00|   0.18|   0.15|   0.05|        
                                                                     ---------------------+-------+-------+-------+-------+------- 
                                                                                     Total| 243942|  74304|   9329|   1934| 329509 
                                                                                          |  74.03|  22.55|   2.83|   0.59| 100.00 
                                                                                                                                   
                                                                                             match_level 2                                                           11:42 Wednesday, July 29, 2015    7

                                                                                           The FREQ Procedure

                                                                                                                Cumulative    Cumulative
                                                                chosen_spedis_score    Frequency     Percent     Frequency      Percent 
                                                                ------------------------------------------------------------------------
                                                                 0                           28        0.30            28         0.30  
                                                                 2                            3        0.03            31         0.33  
                                                                 3                           68        0.73            99         1.06  
                                                                 4                           97        1.04           196         2.10  
                                                                 5                          387        4.15           583         6.25  
                                                                 6                          184        1.97           767         8.22  
                                                                 7                          337        3.61          1104        11.83  
                                                                 8                          343        3.68          1447        15.51  
                                                                 9                            2        0.02          1449        15.53  
                                                                10                          205        2.20          1654        17.73  
                                                                11                          214        2.29          1868        20.02  
                                                                12                          169        1.81          2037        21.84  
                                                                13                           55        0.59          2092        22.42  
                                                                14                          594        6.37          2686        28.79  
                                                                15                          608        6.52          3294        35.31  
                                                                16                          346        3.71          3640        39.02  
                                                                17                          572        6.13          4212        45.15  
                                                                18                           52        0.56          4264        45.71  
                                                                19                          239        2.56          4503        48.27  
                                                                20                          508        5.45          5011        53.71  
                                                                21                          694        7.44          5705        61.15  
                                                                22                          241        2.58          5946        63.74  
                                                                23                          102        1.09          6048        64.83  
                                                                24                           70        0.75          6118        65.58  
                                                                25                          684        7.33          6802        72.91  
                                                                26                          438        4.70          7240        77.61  
                                                                27                           93        1.00          7333        78.60  
                                                                28                          495        5.31          7828        83.91  
                                                                29                          250        2.68          8078        86.59  
                                                                30                          443        4.75          8521        91.34  
                                                                31                           59        0.63          8580        91.97  
                                                                32                            1        0.01          8581        91.98  
                                                                33                          334        3.58          8915        95.56  
                                                                34                          414        4.44          9329       100.00  
                                                                                             match_level 3                                                           11:42 Wednesday, July 29, 2015    8

                                                                                           The FREQ Procedure

                                                                                                                Cumulative    Cumulative
                                                                chosen_spedis_score    Frequency     Percent     Frequency      Percent 
                                                                ------------------------------------------------------------------------
                                                                 35                          21        1.09            21         1.09  
                                                                 37                         162        8.38           183         9.46  
                                                                 38                         301       15.56           484        25.03  
                                                                 39                         153        7.91           637        32.94  
                                                                 40                         124        6.41           761        39.35  
                                                                 41                          54        2.79           815        42.14  
                                                                 42                          24        1.24           839        43.38  
                                                                 43                          10        0.52           849        43.90  
                                                                 44                          68        3.52           917        47.41  
                                                                 45                         116        6.00          1033        53.41  
                                                                 46                          17        0.88          1050        54.29  
                                                                 47                         114        5.89          1164        60.19  
                                                                 50                         306       15.82          1470        76.01  
                                                                 53                           2        0.10          1472        76.11  
                                                                 54                          12        0.62          1484        76.73  
                                                                 55                           8        0.41          1492        77.15  
                                                                 56                           9        0.47          1501        77.61  
                                                                 57                          13        0.67          1514        78.28  
                                                                 58                          22        1.14          1536        79.42  
                                                                 59                           3        0.16          1539        79.58  
                                                                 60                          36        1.86          1575        81.44  
                                                                 62                          32        1.65          1607        83.09  
                                                                 64                           4        0.21          1611        83.30  
                                                                 65                           3        0.16          1614        83.45  
                                                                 66                          39        2.02          1653        85.47  
                                                                 68                           2        0.10          1655        85.57  
                                                                 70                          14        0.72          1669        86.30  
                                                                 71                           4        0.21          1673        86.50  
                                                                 75                          40        2.07          1713        88.57  
                                                                 78                           1        0.05          1714        88.62  
                                                                 80                           2        0.10          1716        88.73  
                                                                 81                           2        0.10          1718        88.83  
                                                                 83                          36        1.86          1754        90.69  
                                                                 85                           1        0.05          1755        90.74  
                                                                 87                           7        0.36          1762        91.11  
                                                                 90                           3        0.16          1765        91.26  
                                                                 91                           1        0.05          1766        91.31  
                                                                100                          51        2.64          1817        93.95  
                                                                108                           2        0.10          1819        94.05  
                                                                112                           2        0.10          1821        94.16  
                                                                115                           1        0.05          1822        94.21  
                                                                116                           5        0.26          1827        94.47  
                                                                120                           1        0.05          1828        94.52  
                                                                125                           8        0.41          1836        94.93  
                                                                129                           1        0.05          1837        94.98  
                                                                133                           2        0.10          1839        95.09  
                                                                150                          22        1.14          1861        96.23  
                                                                166                           1        0.05          1862        96.28  
                                                                175                           3        0.16          1865        96.43  
                                                                200                          19        0.98          1884        97.41  
                                                                250                          25        1.29          1909        98.71  
                                                                300                          23        1.19          1932        99.90  
                                                                350                           1        0.05          1933        99.95  
                                                                400                           1        0.05          1934       100.00  
                                                                    Prepared for                                                                     9
                                                                 Data Quality Report
                                                           Library:WORK  Member:scored__NE
                                                              Total Observations: 162037

                                                                                                              Number of     Numeric or          
   Variable                                                                   Label                         Observations    Character     Levels

   CAC_HH_PID                                            Household Persistent ID                                162,037     Character        50+
                                                                                                                                                
   CAC_NAME_LAST                                         Household Name                                         162,037     Character        50+
                                                                                                                                                
   bridge_address1                                       Address Line 1 From Bridge                             162,037     Character        50+
                                                                                                                                                
   bridge_address2                                       Address Line 2 From Bridge                                   0     Character         0 
                                                                                                                                                
   bridge_city                                           Address City From Bridge                               162,037     Character        50+
                                                                                                                                                
   bridge_name_first                                     First Name From Bridge                                 162,037     Character        50+
                                                                                                                                                
   bridge_name_last                                      Last Name From Bridge                                  162,037     Character        50+
                                                                                                                                                
   bridge_name_last_exact                                                                                       162,037     Character        50+
                                                                                                                                                
   bridge_name_last_fuzzy1                                                                                      162,037     Character        50+
                                                                                                                                                
   bridge_state                                          Address State From Bridge                              162,037     Character         1 
                                                         Value NE    100%                                       162,037                         
                                                                                                                                                
   bridge_zip5                                           Address Zip 5 From Bridge                              162,037     Character        50+
                                                                                                                                                
   cac_bridge_md5email_id                                Unique ID To Append Email Addresses From Bridge        162,037     Character        50+

                                                             Number        Zero          Mean        Median       Minimum       Maximum    Variable
   Variable                                                 Missing      Values         Value         Value         Value         Value     Format 

   CAC_HH_PID                                                     0                                                                          $27   
                                                                                                                                                   
   CAC_NAME_LAST                                                  0                                                                                
                                                                                                                                                   
   bridge_address1                                                0                                                                          $50   
                                                                                                                                                   
   bridge_address2                                          162,037                                                                          $50   
                                                                                                                                                   
   bridge_city                                                    0                                                                          $30   
                                                                                                                                                   
   bridge_name_first                                              0                                                                          $25   
                                                                                                                                                   
   bridge_name_last                                               0                                                                          $25   
                                                                                                                                                   
   bridge_name_last_exact                                         0                                                                                
                                                                                                                                                   
   bridge_name_last_fuzzy1                                        0                                                                                
                                                                                                                                                   
   bridge_state                                                   0                                                                          $2    
                                                                                                                                                   
                                                                                                                                                   
   bridge_zip5                                                    0                                                                          $5    
                                                                                                                                                   
   cac_bridge_md5email_id                                         0                                                                          $50   

                                                             Prepared by CAC Group, Inc.
                                                                    Prepared for                                                                    10
                                                                 Data Quality Report
                                                           Library:WORK  Member:scored__NE
                                                              Total Observations: 162037

                                                                                      Number of     Numeric or                  Number        Zero
    Variable                                                      Label             Observations    Character     Levels       Missing      Values

                                                                                                                                                  
    chosen_cac_ind_gender                                                               162,037     Numeric           2              0           0
                                                          Value        1   47.2%         76,470                                                   
                                                          Value        2   52.8%         85,567                                                   
                                                                                                                                                  
    chosen_cac_ind_last                                                                 162,037     Character        50+             0            
                                                                                                                                                  
    chosen_cac_ind_mi                                                                   137,641     Character        26         24,396            
                                                                                                                                                  
    chosen_cac_ind_name                                                                 162,037     Character        50+             0            
                                                                                                                                                  
    chosen_cac_ind_number                                                               162,037     Numeric           5              0           0
                                                          Value        1   67.1%        108,712                                                   
                                                          Value        2   26.2%         42,391                                                   
                                                          Value        3    5.4%          8,719                                                   
                                                          Value        4    1.2%          1,912                                                   
                                                          Value        5    0.2%            303                                                   
                                                                                                                                                  
    chosen_first_x_of_x_flag                                                            162,037     Numeric           2              0       1,007
                                                                                                                                                  
    chosen_match_level                                                                  162,037     Numeric           3              0           0
                                                          Value        1   85.4%        138,351                                                   
                                                          Value        2   12.6%         20,367                                                   
                                                          Value        3    2.0%          3,319                                                   

                                                                Mean        Median       Minimum       Maximum    Variable
    Variable                                                   Value         Value         Value         Value     Format 

                                                                                                                          
    chosen_cac_ind_gender                                     1.5281        2.0000        1.0000        2.0000      8     
                                                                                                                          
                                                                                                                          
                                                                                                                          
    chosen_cac_ind_last                                                                                             $20   
                                                                                                                          
    chosen_cac_ind_mi                                                                                               $1    
                                                                                                                          
    chosen_cac_ind_name                                                                                             $14   
                                                                                                                          
    chosen_cac_ind_number                                     1.4121        1.0000        1.0000        5.0000      8     
                                                                                                                          
                                                                                                                          
                                                                                                                          
                                                                                                                          
                                                                                                                          
                                                                                                                          
    chosen_first_x_of_x_flag                                  0.9938        1.0000        0.0000        1.0000      8     
                                                                                                                          
    chosen_match_level                                        1.1667        1.0000        1.0000        3.0000      8     
                                                                                                                          
                                                                                                                          
                                                                                                                          

                                                             Prepared by CAC Group, Inc.
                                                                    Prepared for                                                                    11
                                                                 Data Quality Report
                                                           Library:WORK  Member:scored__NE
                                                              Total Observations: 162037

                                                                                      Number of     Numeric or                  Number        Zero
    Variable                                                      Label             Observations    Character     Levels       Missing      Values

                                                                                                                                                  
    chosen_spedis_score                                                                 162,037      Numeric         50+             0     138,401
                                                                                                                                                  
    last_name_match                                                                     162,037      Numeric          1              0           0
                                                          Value        1    100%        162,037                                                   
                                                                                                                                                  

                                                                Mean        Median       Minimum       Maximum    Variable
    Variable                                                   Value         Value         Value         Value     Format 

                                                                                                                          
    chosen_spedis_score                                       3.5857        0.0000        0.0000      400.0000       8    
                                                                                                                          
    last_name_match                                           1.0000        1.0000        1.0000        1.0000            
                                                                                                                          
                                                                                                                          





































                                                             Prepared by CAC Group, Inc.
