                                                                                             The WPS System                                                          11:41 Wednesday, July 29, 2015    1

                                                                                           The FREQ Procedure

                                                               Table of last_name_match by chosen_cac_ind_number
                                                                                                                                        
                                                                last_name_match|             chosen_cac_ind_number             |        
                                                                ---------------+-----------------------------------------------|        
                                                                   Frequency   |       |       |       |       |       |       |        
                                                                    Percent    |       |       |       |       |       |       |        
                                                                    Row Pct    |       |       |       |       |       |       |        
                                                                    Col Pct    |   .   |   1   |   2   |   3   |   4   |   5   | Total  
                                                                ---------------+-------+-------+-------+-------+-------+-------+------- 
                                                                              0|  91425|      0|      0|      0|      0|      0|  91425 
                                                                               |  38.94|   0.00|   0.00|   0.00|   0.00|   0.00|  38.94 
                                                                               | 100.00|   0.00|   0.00|   0.00|   0.00|   0.00|        
                                                                               |  50.65|   0.00|   0.00|   0.00|   0.00|   0.00|        
                                                                ---------------+-------+-------+-------+-------+-------+-------+------- 
                                                                              1|  89094|  36655|  12875|   3568|    957|    183| 143332 
                                                                               |  37.95|  15.61|   5.48|   1.52|   0.41|   0.08|  61.06 
                                                                               |  62.16|  25.57|   8.98|   2.49|   0.67|   0.13|        
                                                                               |  49.35| 100.00| 100.00| 100.00| 100.00| 100.00|        
                                                                ---------------+-------+-------+-------+-------+-------+-------+------- 
                                                                          Total| 180519|  36655|  12875|   3568|    957|    183| 234757 
                                                                               |  76.90|  15.61|   5.48|   1.52|   0.41|   0.08| 100.00 
                                                                                                                                        
                                                                                             The WPS System                                                          11:41 Wednesday, July 29, 2015    2

                                                                                           The FREQ Procedure

                                                                    Table of chosen_cac_ind_number by chosen_match_level
                                                                                                                                   
                                                                     chosen_cac_ind_number|      chosen_match_level       |        
                                                                     ---------------------+-------------------------------|        
                                                                           Frequency      |       |       |       |       |        
                                                                            Percent       |       |       |       |       |        
                                                                            Row Pct       |       |       |       |       |        
                                                                            Col Pct       |   .   |   1   |   2   |   3   | Total  
                                                                     ---------------------+-------+-------+-------+-------+------- 
                                                                                         .| 180519|      0|      0|      0| 180519 
                                                                                          |  76.90|   0.00|   0.00|   0.00|  76.90 
                                                                                          | 100.00|   0.00|   0.00|   0.00|        
                                                                                          | 100.00|   0.00|   0.00|   0.00|        
                                                                     ---------------------+-------+-------+-------+-------+------- 
                                                                                         1|      0|  32549|   3617|    489|  36655 
                                                                                          |   0.00|  13.86|   1.54|   0.21|  15.61 
                                                                                          |   0.00|  88.80|   9.87|   1.33|        
                                                                                          |   0.00|  67.98|  65.58|  58.21|        
                                                                     ---------------------+-------+-------+-------+-------+------- 
                                                                                         2|      0|  11338|   1313|    224|  12875 
                                                                                          |   0.00|   4.83|   0.56|   0.10|   5.48 
                                                                                          |   0.00|  88.06|  10.20|   1.74|        
                                                                                          |   0.00|  23.68|  23.81|  26.67|        
                                                                     ---------------------+-------+-------+-------+-------+------- 
                                                                                         3|      0|   3047|    421|    100|   3568 
                                                                                          |   0.00|   1.30|   0.18|   0.04|   1.52 
                                                                                          |   0.00|  85.40|  11.80|   2.80|        
                                                                                          |   0.00|   6.36|   7.63|  11.90|        
                                                                     ---------------------+-------+-------+-------+-------+------- 
                                                                                         4|      0|    795|    137|     25|    957 
                                                                                          |   0.00|   0.34|   0.06|   0.01|   0.41 
                                                                                          |   0.00|  83.07|  14.32|   2.61|        
                                                                                          |   0.00|   1.66|   2.48|   2.98|        
                                                                     ---------------------+-------+-------+-------+-------+------- 
                                                                                         5|      0|    154|     27|      2|    183 
                                                                                          |   0.00|   0.07|   0.01|   0.00|   0.08 
                                                                                          |   0.00|  84.15|  14.75|   1.09|        
                                                                                          |   0.00|   0.32|   0.49|   0.24|        
                                                                     ---------------------+-------+-------+-------+-------+------- 
                                                                                     Total| 180519|  47883|   5515|    840| 234757 
                                                                                          |  76.90|  20.40|   2.35|   0.36| 100.00 
                                                                                                                                   
                                                                                             match_level 2                                                           11:41 Wednesday, July 29, 2015    3

                                                                                           The FREQ Procedure

                                                                                                                Cumulative    Cumulative
                                                                chosen_spedis_score    Frequency     Percent     Frequency      Percent 
                                                                ------------------------------------------------------------------------
                                                                 0                            6        0.11             6         0.11  
                                                                 2                            1        0.02             7         0.13  
                                                                 3                           29        0.53            36         0.65  
                                                                 4                           40        0.73            76         1.38  
                                                                 5                          236        4.28           312         5.66  
                                                                 6                           33        0.60           345         6.26  
                                                                 7                          248        4.50           593        10.75  
                                                                 8                          106        1.92           699        12.67  
                                                                 9                           16        0.29           715        12.96  
                                                                10                          133        2.41           848        15.38  
                                                                11                          148        2.68           996        18.06  
                                                                12                          101        1.83          1097        19.89  
                                                                13                           38        0.69          1135        20.58  
                                                                14                          179        3.25          1314        23.83  
                                                                15                          493        8.94          1807        32.77  
                                                                16                          144        2.61          1951        35.38  
                                                                17                          409        7.42          2360        42.79  
                                                                18                            7        0.13          2367        42.92  
                                                                19                          357        6.47          2724        49.39  
                                                                20                          422        7.65          3146        57.04  
                                                                21                          120        2.18          3266        59.22  
                                                                22                           27        0.49          3293        59.71  
                                                                23                          114        2.07          3407        61.78  
                                                                24                           77        1.40          3484        63.17  
                                                                25                          222        4.03          3706        67.20  
                                                                26                          116        2.10          3822        69.30  
                                                                27                          120        2.18          3942        71.48  
                                                                28                          617       11.19          4559        82.67  
                                                                29                          219        3.97          4778        86.64  
                                                                30                          284        5.15          5062        91.79  
                                                                31                           47        0.85          5109        92.64  
                                                                32                            2        0.04          5111        92.67  
                                                                33                          203        3.68          5314        96.36  
                                                                34                          201        3.64          5515       100.00  
                                                                                             match_level 3                                                           11:41 Wednesday, July 29, 2015    4

                                                                                           The FREQ Procedure

                                                                                                                Cumulative    Cumulative
                                                                chosen_spedis_score    Frequency     Percent     Frequency      Percent 
                                                                ------------------------------------------------------------------------
                                                                 35                          14        1.67            14         1.67  
                                                                 37                          50        5.95            64         7.62  
                                                                 38                          66        7.86           130        15.48  
                                                                 39                          97       11.55           227        27.02  
                                                                 40                          64        7.62           291        34.64  
                                                                 41                          15        1.79           306        36.43  
                                                                 42                          17        2.02           323        38.45  
                                                                 43                          15        1.79           338        40.24  
                                                                 44                           1        0.12           339        40.36  
                                                                 45                           3        0.36           342        40.71  
                                                                 46                           2        0.24           344        40.95  
                                                                 47                          12        1.43           356        42.38  
                                                                 50                         150       17.86           506        60.24  
                                                                 53                           1        0.12           507        60.36  
                                                                 54                          20        2.38           527        62.74  
                                                                 55                           1        0.12           528        62.86  
                                                                 56                           6        0.71           534        63.57  
                                                                 57                          26        3.10           560        66.67  
                                                                 58                           9        1.07           569        67.74  
                                                                 60                          24        2.86           593        70.60  
                                                                 62                          27        3.21           620        73.81  
                                                                 64                           2        0.24           622        74.05  
                                                                 65                           8        0.95           630        75.00  
                                                                 66                          63        7.50           693        82.50  
                                                                 68                           1        0.12           694        82.62  
                                                                 70                          11        1.31           705        83.93  
                                                                 71                           1        0.12           706        84.05  
                                                                 75                          27        3.21           733        87.26  
                                                                 80                           5        0.60           738        87.86  
                                                                 81                           1        0.12           739        87.98  
                                                                 83                          21        2.50           760        90.48  
                                                                 87                           6        0.71           766        91.19  
                                                                 90                           3        0.36           769        91.55  
                                                                 91                           2        0.24           771        91.79  
                                                                100                          20        2.38           791        94.17  
                                                                108                           1        0.12           792        94.29  
                                                                112                           1        0.12           793        94.40  
                                                                116                           1        0.12           794        94.52  
                                                                120                           1        0.12           795        94.64  
                                                                125                           4        0.48           799        95.12  
                                                                133                           1        0.12           800        95.24  
                                                                150                           6        0.71           806        95.95  
                                                                175                           1        0.12           807        96.07  
                                                                200                          10        1.19           817        97.26  
                                                                250                           5        0.60           822        97.86  
                                                                300                           7        0.83           829        98.69  
                                                                350                           6        0.71           835        99.40  
                                                                400                           4        0.48           839        99.88  
                                                                450                           1        0.12           840       100.00  
                                                                                                                                                                     11:41 Wednesday, July 29, 2015    5

                                                                                           The FREQ Procedure

                                                               Table of last_name_match by chosen_cac_ind_number
                                                                                                                                        
                                                                last_name_match|             chosen_cac_ind_number             |        
                                                                ---------------+-----------------------------------------------|        
                                                                   Frequency   |       |       |       |       |       |       |        
                                                                    Percent    |       |       |       |       |       |       |        
                                                                    Row Pct    |       |       |       |       |       |       |        
                                                                    Col Pct    |   .   |   1   |   2   |   3   |   4   |   5   | Total  
                                                                ---------------+-------+-------+-------+-------+-------+-------+------- 
                                                                              0|  91425|      0|      0|      0|      0|      0|  91425 
                                                                               |  38.94|   0.00|   0.00|   0.00|   0.00|   0.00|  38.94 
                                                                               | 100.00|   0.00|   0.00|   0.00|   0.00|   0.00|        
                                                                               |  52.55|   0.00|   0.00|   0.00|   0.00|   0.00|        
                                                                ---------------+-------+-------+-------+-------+-------+-------+------- 
                                                                              1|  82559|  42836|  13570|   3376|    843|    148| 143332 
                                                                               |  35.17|  18.25|   5.78|   1.44|   0.36|   0.06|  61.06 
                                                                               |  57.60|  29.89|   9.47|   2.36|   0.59|   0.10|        
                                                                               |  47.45| 100.00| 100.00| 100.00| 100.00| 100.00|        
                                                                ---------------+-------+-------+-------+-------+-------+-------+------- 
                                                                          Total| 173984|  42836|  13570|   3376|    843|    148| 234757 
                                                                               |  74.11|  18.25|   5.78|   1.44|   0.36|   0.06| 100.00 
                                                                                                                                        
                                                                                                                                                                     11:41 Wednesday, July 29, 2015    6

                                                                                           The FREQ Procedure

                                                                    Table of chosen_cac_ind_number by chosen_match_level
                                                                                                                                   
                                                                     chosen_cac_ind_number|      chosen_match_level       |        
                                                                     ---------------------+-------------------------------|        
                                                                           Frequency      |       |       |       |       |        
                                                                            Percent       |       |       |       |       |        
                                                                            Row Pct       |       |       |       |       |        
                                                                            Col Pct       |   .   |   1   |   2   |   3   | Total  
                                                                     ---------------------+-------+-------+-------+-------+------- 
                                                                                         .| 173984|      0|      0|      0| 173984 
                                                                                          |  74.11|   0.00|   0.00|   0.00|  74.11 
                                                                                          | 100.00|   0.00|   0.00|   0.00|        
                                                                                          | 100.00|   0.00|   0.00|   0.00|        
                                                                     ---------------------+-------+-------+-------+-------+------- 
                                                                                         1|      0|  37921|   4250|    665|  42836 
                                                                                          |   0.00|  16.15|   1.81|   0.28|  18.25 
                                                                                          |   0.00|  88.53|   9.92|   1.55|        
                                                                                          |   0.00|  70.69|  70.38|  61.07|        
                                                                     ---------------------+-------+-------+-------+-------+------- 
                                                                                         2|      0|  11900|   1378|    292|  13570 
                                                                                          |   0.00|   5.07|   0.59|   0.12|   5.78 
                                                                                          |   0.00|  87.69|  10.15|   2.15|        
                                                                                          |   0.00|  22.18|  22.82|  26.81|        
                                                                     ---------------------+-------+-------+-------+-------+------- 
                                                                                         3|      0|   2974|    299|    103|   3376 
                                                                                          |   0.00|   1.27|   0.13|   0.04|   1.44 
                                                                                          |   0.00|  88.09|   8.86|   3.05|        
                                                                                          |   0.00|   5.54|   4.95|   9.46|        
                                                                     ---------------------+-------+-------+-------+-------+------- 
                                                                                         4|      0|    731|     88|     24|    843 
                                                                                          |   0.00|   0.31|   0.04|   0.01|   0.36 
                                                                                          |   0.00|  86.71|  10.44|   2.85|        
                                                                                          |   0.00|   1.36|   1.46|   2.20|        
                                                                     ---------------------+-------+-------+-------+-------+------- 
                                                                                         5|      0|    119|     24|      5|    148 
                                                                                          |   0.00|   0.05|   0.01|   0.00|   0.06 
                                                                                          |   0.00|  80.41|  16.22|   3.38|        
                                                                                          |   0.00|   0.22|   0.40|   0.46|        
                                                                     ---------------------+-------+-------+-------+-------+------- 
                                                                                     Total| 173984|  53645|   6039|   1089| 234757 
                                                                                          |  74.11|  22.85|   2.57|   0.46| 100.00 
                                                                                                                                   
                                                                                             match_level 2                                                           11:41 Wednesday, July 29, 2015    7

                                                                                           The FREQ Procedure

                                                                                                                Cumulative    Cumulative
                                                                chosen_spedis_score    Frequency     Percent     Frequency      Percent 
                                                                ------------------------------------------------------------------------
                                                                 0                           21        0.35            21         0.35  
                                                                 2                            3        0.05            24         0.40  
                                                                 3                           72        1.19            96         1.59  
                                                                 4                           66        1.09           162         2.68  
                                                                 5                          247        4.09           409         6.77  
                                                                 6                          148        2.45           557         9.22  
                                                                 7                          265        4.39           822        13.61  
                                                                 8                          249        4.12          1071        17.73  
                                                                10                          176        2.91          1247        20.65  
                                                                11                          208        3.44          1455        24.09  
                                                                12                          202        3.34          1657        27.44  
                                                                13                           37        0.61          1694        28.05  
                                                                14                          279        4.62          1973        32.67  
                                                                15                          207        3.43          2180        36.10  
                                                                16                          299        4.95          2479        41.05  
                                                                17                          210        3.48          2689        44.53  
                                                                18                           28        0.46          2717        44.99  
                                                                19                          153        2.53          2870        47.52  
                                                                20                          263        4.36          3133        51.88  
                                                                21                          383        6.34          3516        58.22  
                                                                22                           79        1.31          3595        59.53  
                                                                23                           99        1.64          3694        61.17  
                                                                24                           24        0.40          3718        61.57  
                                                                25                          373        6.18          4091        67.74  
                                                                26                          258        4.27          4349        72.02  
                                                                27                           87        1.44          4436        73.46  
                                                                28                          403        6.67          4839        80.13  
                                                                29                          218        3.61          5057        83.74  
                                                                30                          452        7.48          5509        91.22  
                                                                31                           90        1.49          5599        92.71  
                                                                32                            4        0.07          5603        92.78  
                                                                33                          209        3.46          5812        96.24  
                                                                34                          227        3.76          6039       100.00  
                                                                                             match_level 3                                                           11:41 Wednesday, July 29, 2015    8

                                                                                           The FREQ Procedure

                                                                                                                Cumulative    Cumulative
                                                                chosen_spedis_score    Frequency     Percent     Frequency      Percent 
                                                                ------------------------------------------------------------------------
                                                                 35                          17        1.56            17         1.56  
                                                                 37                         124       11.39           141        12.95  
                                                                 38                          81        7.44           222        20.39  
                                                                 39                          22        2.02           244        22.41  
                                                                 40                          64        5.88           308        28.28  
                                                                 41                          45        4.13           353        32.42  
                                                                 42                          13        1.19           366        33.61  
                                                                 43                           8        0.73           374        34.34  
                                                                 44                          22        2.02           396        36.36  
                                                                 45                          39        3.58           435        39.94  
                                                                 46                          11        1.01           446        40.96  
                                                                 47                          89        8.17           535        49.13  
                                                                 48                           3        0.28           538        49.40  
                                                                 50                         187       17.17           725        66.57  
                                                                 53                           1        0.09           726        66.67  
                                                                 54                           6        0.55           732        67.22  
                                                                 56                           6        0.55           738        67.77  
                                                                 57                           7        0.64           745        68.41  
                                                                 58                          19        1.74           764        70.16  
                                                                 59                           1        0.09           765        70.25  
                                                                 60                          31        2.85           796        73.09  
                                                                 62                          39        3.58           835        76.68  
                                                                 65                           1        0.09           836        76.77  
                                                                 66                          40        3.67           876        80.44  
                                                                 68                           1        0.09           877        80.53  
                                                                 70                           7        0.64           884        81.18  
                                                                 72                           1        0.09           885        81.27  
                                                                 75                          37        3.40           922        84.66  
                                                                 80                           4        0.37           926        85.03  
                                                                 81                           1        0.09           927        85.12  
                                                                 83                          30        2.75           957        87.88  
                                                                 87                           4        0.37           961        88.25  
                                                                 91                           1        0.09           962        88.34  
                                                                 93                           1        0.09           963        88.43  
                                                                100                          33        3.03           996        91.46  
                                                                107                           1        0.09           997        91.55  
                                                                108                           2        0.18           999        91.74  
                                                                112                           1        0.09          1000        91.83  
                                                                116                           3        0.28          1003        92.10  
                                                                125                           5        0.46          1008        92.56  
                                                                133                           2        0.18          1010        92.75  
                                                                137                           1        0.09          1011        92.84  
                                                                150                          11        1.01          1022        93.85  
                                                                200                          16        1.47          1038        95.32  
                                                                250                          30        2.75          1068        98.07  
                                                                300                          18        1.65          1086        99.72  
                                                                350                           2        0.18          1088        99.91  
                                                                400                           1        0.09          1089       100.00  
                                                                    Prepared for                                                                     9
                                                                 Data Quality Report
                                                           Library:WORK  Member:scored__RI
                                                              Total Observations: 115011

                                                                                                              Number of     Numeric or          
   Variable                                                                   Label                         Observations    Character     Levels

   CAC_HH_PID                                            Household Persistent ID                                115,011     Character        50+
                                                                                                                                                
   CAC_NAME_LAST                                         Household Name                                         115,011     Character        50+
                                                                                                                                                
   bridge_address1                                       Address Line 1 From Bridge                             115,011     Character        50+
                                                                                                                                                
   bridge_address2                                       Address Line 2 From Bridge                                   0     Character         0 
                                                                                                                                                
   bridge_city                                           Address City From Bridge                               115,011     Character        50+
                                                                                                                                                
   bridge_name_first                                     First Name From Bridge                                 115,011     Character        50+
                                                                                                                                                
   bridge_name_last                                      Last Name From Bridge                                  115,011     Character        50+
                                                                                                                                                
   bridge_name_last_exact                                                                                       115,011     Character        50+
                                                                                                                                                
   bridge_name_last_fuzzy1                                                                                      115,011     Character        50+
                                                                                                                                                
   bridge_state                                          Address State From Bridge                              115,011     Character         1 
                                                         Value RI    100%                                       115,011                         
                                                                                                                                                
   bridge_zip5                                           Address Zip 5 From Bridge                              115,011     Character        50+
                                                                                                                                                
   cac_bridge_md5email_id                                Unique ID To Append Email Addresses From Bridge        115,011     Character        50+

                                                             Number        Zero          Mean        Median       Minimum       Maximum    Variable
   Variable                                                 Missing      Values         Value         Value         Value         Value     Format 

   CAC_HH_PID                                                     0                                                                          $27   
                                                                                                                                                   
   CAC_NAME_LAST                                                  0                                                                                
                                                                                                                                                   
   bridge_address1                                                0                                                                          $50   
                                                                                                                                                   
   bridge_address2                                          115,011                                                                          $50   
                                                                                                                                                   
   bridge_city                                                    0                                                                          $30   
                                                                                                                                                   
   bridge_name_first                                              0                                                                          $25   
                                                                                                                                                   
   bridge_name_last                                               0                                                                          $25   
                                                                                                                                                   
   bridge_name_last_exact                                         0                                                                                
                                                                                                                                                   
   bridge_name_last_fuzzy1                                        0                                                                                
                                                                                                                                                   
   bridge_state                                                   0                                                                          $2    
                                                                                                                                                   
                                                                                                                                                   
   bridge_zip5                                                    0                                                                          $5    
                                                                                                                                                   
   cac_bridge_md5email_id                                         0                                                                          $50   

                                                             Prepared by CAC Group, Inc.
                                                                    Prepared for                                                                    10
                                                                 Data Quality Report
                                                           Library:WORK  Member:scored__RI
                                                              Total Observations: 115011

                                                                                      Number of     Numeric or                  Number        Zero
    Variable                                                      Label             Observations    Character     Levels       Missing      Values

                                                                                                                                                  
    chosen_cac_ind_gender                                                               115,011     Numeric           2              0           0
                                                          Value        1   47.2%         54,238                                                   
                                                          Value        2   52.8%         60,773                                                   
                                                                                                                                                  
    chosen_cac_ind_last                                                                 115,011     Character        50+             0            
                                                                                                                                                  
    chosen_cac_ind_mi                                                                   100,119     Character        26         14,892            
                                                                                                                                                  
    chosen_cac_ind_name                                                                 115,011     Character        50+             0            
                                                                                                                                                  
    chosen_cac_ind_number                                                               115,011     Numeric           5              0           0
                                                          Value        1   69.1%         79,491                                                   
                                                          Value        2   23.0%         26,445                                                   
                                                          Value        3    6.0%          6,944                                                   
                                                          Value        4    1.6%          1,800                                                   
                                                          Value        5    0.3%            331                                                   
                                                                                                                                                  
    chosen_first_x_of_x_flag                                                            115,011     Numeric           2              0         704
                                                                                                                                                  
    chosen_match_level                                                                  115,011     Numeric           3              0           0
                                                          Value        1   88.3%        101,528                                                   
                                                          Value        2   10.0%         11,554                                                   
                                                          Value        3    1.7%          1,929                                                   

                                                                Mean        Median       Minimum       Maximum    Variable
    Variable                                                   Value         Value         Value         Value     Format 

                                                                                                                          
    chosen_cac_ind_gender                                     1.5284        2.0000        1.0000        2.0000      8     
                                                                                                                          
                                                                                                                          
                                                                                                                          
    chosen_cac_ind_last                                                                                             $20   
                                                                                                                          
    chosen_cac_ind_mi                                                                                               $1    
                                                                                                                          
    chosen_cac_ind_name                                                                                             $14   
                                                                                                                          
    chosen_cac_ind_number                                     1.4092        1.0000        1.0000        5.0000      8     
                                                                                                                          
                                                                                                                          
                                                                                                                          
                                                                                                                          
                                                                                                                          
                                                                                                                          
    chosen_first_x_of_x_flag                                  0.9939        1.0000        0.0000        1.0000      8     
                                                                                                                          
    chosen_match_level                                        1.1340        1.0000        1.0000        3.0000      8     
                                                                                                                          
                                                                                                                          
                                                                                                                          

                                                             Prepared by CAC Group, Inc.
                                                                    Prepared for                                                                    11
                                                                 Data Quality Report
                                                           Library:WORK  Member:scored__RI
                                                              Total Observations: 115011

                                                                                      Number of     Numeric or                  Number        Zero
    Variable                                                      Label             Observations    Character     Levels       Missing      Values

                                                                                                                                                  
    chosen_spedis_score                                                                 115,011      Numeric         50+             0     101,555
                                                                                                                                                  
    last_name_match                                                                     115,011      Numeric          1              0           0
                                                          Value        1    100%        115,011                                                   
                                                                                                                                                  

                                                                Mean        Median       Minimum       Maximum    Variable
    Variable                                                   Value         Value         Value         Value     Format 

                                                                                                                          
    chosen_spedis_score                                       3.0552        0.0000        0.0000      450.0000       8    
                                                                                                                          
    last_name_match                                           1.0000        1.0000        1.0000        1.0000            
                                                                                                                          
                                                                                                                          





































                                                             Prepared by CAC Group, Inc.
