                                                                                             The WPS System                                                          11:35 Wednesday, July 29, 2015    1

                                                                                           The FREQ Procedure

                                                               Table of last_name_match by chosen_cac_ind_number
                                                                                                                                        
                                                                last_name_match|             chosen_cac_ind_number             |        
                                                                ---------------+-----------------------------------------------|        
                                                                   Frequency   |       |       |       |       |       |       |        
                                                                    Percent    |       |       |       |       |       |       |        
                                                                    Row Pct    |       |       |       |       |       |       |        
                                                                    Col Pct    |   .   |   1   |   2   |   3   |   4   |   5   | Total  
                                                                ---------------+-------+-------+-------+-------+-------+-------+------- 
                                                                              0| 715692|      0|      0|      0|      0|      0| 715692 
                                                                               |  36.93|   0.00|   0.00|   0.00|   0.00|   0.00|  36.93 
                                                                               | 100.00|   0.00|   0.00|   0.00|   0.00|   0.00|        
                                                                               |  47.25|   0.00|   0.00|   0.00|   0.00|   0.00|        
                                                                ---------------+-------+-------+-------+-------+-------+-------+------- 
                                                                              1| 798988| 292326|  96727|  27421|   5999|   1073|1222534 
                                                                               |  41.22|  15.08|   4.99|   1.41|   0.31|   0.06|  63.07 
                                                                               |  65.36|  23.91|   7.91|   2.24|   0.49|   0.09|        
                                                                               |  52.75| 100.00| 100.00| 100.00| 100.00| 100.00|        
                                                                ---------------+-------+-------+-------+-------+-------+-------+------- 
                                                                          Total|1514680| 292326|  96727|  27421|   5999|   1073|1938226 
                                                                               |  78.15|  15.08|   4.99|   1.41|   0.31|   0.06| 100.00 
                                                                                                                                        
                                                                                             The WPS System                                                          11:35 Wednesday, July 29, 2015    2

                                                                                           The FREQ Procedure

                                                                    Table of chosen_cac_ind_number by chosen_match_level
                                                                                                                                   
                                                                     chosen_cac_ind_number|      chosen_match_level       |        
                                                                     ---------------------+-------------------------------|        
                                                                           Frequency      |       |       |       |       |        
                                                                            Percent       |       |       |       |       |        
                                                                            Row Pct       |       |       |       |       |        
                                                                            Col Pct       |   .   |   1   |   2   |   3   | Total  
                                                                     ---------------------+-------+-------+-------+-------+------- 
                                                                                         .|1514680|      0|      0|      0|1514680 
                                                                                          |  78.15|   0.00|   0.00|   0.00|  78.15 
                                                                                          | 100.00|   0.00|   0.00|   0.00|        
                                                                                          | 100.00|   0.00|   0.00|   0.00|        
                                                                     ---------------------+-------+-------+-------+-------+------- 
                                                                                         1|      0| 259431|  28374|   4521| 292326 
                                                                                          |   0.00|  13.38|   1.46|   0.23|  15.08 
                                                                                          |   0.00|  88.75|   9.71|   1.55|        
                                                                                          |   0.00|  69.26|  68.54|  59.68|        
                                                                     ---------------------+-------+-------+-------+-------+------- 
                                                                                         2|      0|  84967|   9612|   2148|  96727 
                                                                                          |   0.00|   4.38|   0.50|   0.11|   4.99 
                                                                                          |   0.00|  87.84|   9.94|   2.22|        
                                                                                          |   0.00|  22.68|  23.22|  28.35|        
                                                                     ---------------------+-------+-------+-------+-------+------- 
                                                                                         3|      0|  24103|   2663|    655|  27421 
                                                                                          |   0.00|   1.24|   0.14|   0.03|   1.41 
                                                                                          |   0.00|  87.90|   9.71|   2.39|        
                                                                                          |   0.00|   6.43|   6.43|   8.65|        
                                                                     ---------------------+-------+-------+-------+-------+------- 
                                                                                         4|      0|   5185|    606|    208|   5999 
                                                                                          |   0.00|   0.27|   0.03|   0.01|   0.31 
                                                                                          |   0.00|  86.43|  10.10|   3.47|        
                                                                                          |   0.00|   1.38|   1.46|   2.75|        
                                                                     ---------------------+-------+-------+-------+-------+------- 
                                                                                         5|      0|    888|    141|     44|   1073 
                                                                                          |   0.00|   0.05|   0.01|   0.00|   0.06 
                                                                                          |   0.00|  82.76|  13.14|   4.10|        
                                                                                          |   0.00|   0.24|   0.34|   0.58|        
                                                                     ---------------------+-------+-------+-------+-------+------- 
                                                                                     Total|1514680| 374574|  41396|   7576|1938226 
                                                                                          |  78.15|  19.33|   2.14|   0.39| 100.00 
                                                                                                                                   
                                                                                             match_level 2                                                           11:35 Wednesday, July 29, 2015    3

                                                                                           The FREQ Procedure

                                                                                                                Cumulative    Cumulative
                                                                chosen_spedis_score    Frequency     Percent     Frequency      Percent 
                                                                ------------------------------------------------------------------------
                                                                 0                          137        0.33           137         0.33  
                                                                 2                           15        0.04           152         0.37  
                                                                 3                          183        0.44           335         0.81  
                                                                 4                          428        1.03           763         1.84  
                                                                 5                         1703        4.11          2466         5.96  
                                                                 6                          373        0.90          2839         6.86  
                                                                 7                         2247        5.43          5086        12.29  
                                                                 8                          851        2.06          5937        14.34  
                                                                 9                           47        0.11          5984        14.46  
                                                                10                         1088        2.63          7072        17.08  
                                                                11                         1693        4.09          8765        21.17  
                                                                12                          848        2.05          9613        23.22  
                                                                13                          327        0.79          9940        24.01  
                                                                14                         1310        3.16         11250        27.18  
                                                                15                         4858       11.74         16108        38.91  
                                                                16                         1231        2.97         17339        41.89  
                                                                17                         3102        7.49         20441        49.38  
                                                                18                           75        0.18         20516        49.56  
                                                                19                         3169        7.66         23685        57.22  
                                                                20                         3341        8.07         27026        65.29  
                                                                21                         1053        2.54         28079        67.83  
                                                                22                          379        0.92         28458        68.75  
                                                                23                          557        1.35         29015        70.09  
                                                                24                          668        1.61         29683        71.70  
                                                                25                         1462        3.53         31145        75.24  
                                                                26                          410        0.99         31555        76.23  
                                                                27                          571        1.38         32126        77.61  
                                                                28                         3494        8.44         35620        86.05  
                                                                29                         1238        2.99         36858        89.04  
                                                                30                         1544        3.73         38402        92.77  
                                                                31                          164        0.40         38566        93.16  
                                                                32                           12        0.03         38578        93.19  
                                                                33                         1383        3.34         39961        96.53  
                                                                34                         1435        3.47         41396       100.00  
                                                                                             match_level 3                                                           11:35 Wednesday, July 29, 2015    4

                                                                                           The FREQ Procedure

                                                                                                                Cumulative    Cumulative
                                                                chosen_spedis_score    Frequency     Percent     Frequency      Percent 
                                                                ------------------------------------------------------------------------
                                                                 35                         172        2.27           172         2.27  
                                                                 36                           4        0.05           176         2.32  
                                                                 37                         491        6.48           667         8.80  
                                                                 38                         480        6.34          1147        15.14  
                                                                 39                         644        8.50          1791        23.64  
                                                                 40                         789       10.41          2580        34.05  
                                                                 41                         173        2.28          2753        36.34  
                                                                 42                         148        1.95          2901        38.29  
                                                                 43                          48        0.63          2949        38.93  
                                                                 44                           8        0.11          2957        39.03  
                                                                 45                          64        0.84          3021        39.88  
                                                                 46                         146        1.93          3167        41.80  
                                                                 47                         162        2.14          3329        43.94  
                                                                 48                           9        0.12          3338        44.06  
                                                                 50                        1609       21.24          4947        65.30  
                                                                 51                           1        0.01          4948        65.31  
                                                                 52                           3        0.04          4951        65.35  
                                                                 53                          11        0.15          4962        65.50  
                                                                 54                         129        1.70          5091        67.20  
                                                                 55                          39        0.51          5130        67.71  
                                                                 56                          22        0.29          5152        68.00  
                                                                 57                         127        1.68          5279        69.68  
                                                                 58                         180        2.38          5459        72.06  
                                                                 59                           2        0.03          5461        72.08  
                                                                 60                         268        3.54          5729        75.62  
                                                                 61                           1        0.01          5730        75.63  
                                                                 62                         211        2.79          5941        78.42  
                                                                 64                          36        0.48          5977        78.89  
                                                                 65                          48        0.63          6025        79.53  
                                                                 66                         390        5.15          6415        84.68  
                                                                 67                          10        0.13          6425        84.81  
                                                                 68                          16        0.21          6441        85.02  
                                                                 70                         103        1.36          6544        86.38  
                                                                 71                           9        0.12          6553        86.50  
                                                                 75                         220        2.90          6773        89.40  
                                                                 78                           8        0.11          6781        89.51  
                                                                 79                           2        0.03          6783        89.53  
                                                                 80                          36        0.48          6819        90.01  
                                                                 81                           7        0.09          6826        90.10  
                                                                 82                           1        0.01          6827        90.11  
                                                                 83                         176        2.32          7003        92.44  
                                                                 85                           3        0.04          7006        92.48  
                                                                 87                          63        0.83          7069        93.31  
                                                                 89                           1        0.01          7070        93.32  
                                                                 90                          16        0.21          7086        93.53  
                                                                 91                          11        0.15          7097        93.68  
                                                                 92                           1        0.01          7098        93.69  
                                                                 93                           4        0.05          7102        93.74  
                                                                100                         135        1.78          7237        95.53  
                                                                105                           1        0.01          7238        95.54  
                                                                106                           1        0.01          7239        95.55  
                                                                108                          13        0.17          7252        95.72  
                                                                110                           1        0.01          7253        95.74  
                                                                112                          10        0.13          7263        95.87  
                                                                116                          26        0.34          7289        96.21  
                                                                125                          23        0.30          7312        96.52  
                                                                130                           3        0.04          7315        96.55  
                                                                131                           1        0.01          7316        96.57  
                                                                133                          10        0.13          7326        96.70  
                                                                135                           1        0.01          7327        96.71  
                                                                137                           2        0.03          7329        96.74  
                                                                140                           1        0.01          7330        96.75  
                                                                141                           1        0.01          7331        96.77  
                                                                143                           1        0.01          7332        96.78  
                                                                145                           1        0.01          7333        96.79  
                                                                150                          47        0.62          7380        97.41  
                                                                156                           1        0.01          7381        97.43  
                                                                162                           1        0.01          7382        97.44  
                                                                166                           4        0.05          7386        97.49  
                                                                175                           6        0.08          7392        97.57  
                                                                183                           1        0.01          7393        97.58  
                                                                187                           1        0.01          7394        97.60  
                                                                191                           1        0.01          7395        97.61  
                                                                200                          48        0.63          7443        98.24  
                                                                208                           1        0.01          7444        98.26  
                                                                250                          58        0.77          7502        99.02  
                                                                300                          39        0.51          7541        99.54  
                                                                350                          21        0.28          7562        99.82  
                                                                400                          13        0.17          7575        99.99  
                                                                450                           1        0.01          7576       100.00  
                                                                                                                                                                     11:35 Wednesday, July 29, 2015    5

                                                                                           The FREQ Procedure

                                                               Table of last_name_match by chosen_cac_ind_number
                                                                                                                                        
                                                                last_name_match|             chosen_cac_ind_number             |        
                                                                ---------------+-----------------------------------------------|        
                                                                   Frequency   |       |       |       |       |       |       |        
                                                                    Percent    |       |       |       |       |       |       |        
                                                                    Row Pct    |       |       |       |       |       |       |        
                                                                    Col Pct    |   .   |   1   |   2   |   3   |   4   |   5   | Total  
                                                                ---------------+-------+-------+-------+-------+-------+-------+------- 
                                                                              0| 715692|      0|      0|      0|      0|      0| 715692 
                                                                               |  36.93|   0.00|   0.00|   0.00|   0.00|   0.00|  36.93 
                                                                               | 100.00|   0.00|   0.00|   0.00|   0.00|   0.00|        
                                                                               |  51.55|   0.00|   0.00|   0.00|   0.00|   0.00|        
                                                                ---------------+-------+-------+-------+-------+-------+-------+------- 
                                                                              1| 672533| 382192| 132624|  28086|   6061|   1038|1222534 
                                                                               |  34.70|  19.72|   6.84|   1.45|   0.31|   0.05|  63.07 
                                                                               |  55.01|  31.26|  10.85|   2.30|   0.50|   0.08|        
                                                                               |  48.45| 100.00| 100.00| 100.00| 100.00| 100.00|        
                                                                ---------------+-------+-------+-------+-------+-------+-------+------- 
                                                                          Total|1388225| 382192| 132624|  28086|   6061|   1038|1938226 
                                                                               |  71.62|  19.72|   6.84|   1.45|   0.31|   0.05| 100.00 
                                                                                                                                        
                                                                                                                                                                     11:35 Wednesday, July 29, 2015    6

                                                                                           The FREQ Procedure

                                                                    Table of chosen_cac_ind_number by chosen_match_level
                                                                                                                                   
                                                                     chosen_cac_ind_number|      chosen_match_level       |        
                                                                     ---------------------+-------------------------------|        
                                                                           Frequency      |       |       |       |       |        
                                                                            Percent       |       |       |       |       |        
                                                                            Row Pct       |       |       |       |       |        
                                                                            Col Pct       |   .   |   1   |   2   |   3   | Total  
                                                                     ---------------------+-------+-------+-------+-------+------- 
                                                                                         .|1388225|      0|      0|      0|1388225 
                                                                                          |  71.62|   0.00|   0.00|   0.00|  71.62 
                                                                                          | 100.00|   0.00|   0.00|   0.00|        
                                                                                          | 100.00|   0.00|   0.00|   0.00|        
                                                                     ---------------------+-------+-------+-------+-------+------- 
                                                                                         1|      0| 346688|  28857|   6647| 382192 
                                                                                          |   0.00|  17.89|   1.49|   0.34|  19.72 
                                                                                          |   0.00|  90.71|   7.55|   1.74|        
                                                                                          |   0.00|  69.76|  68.47|  61.13|        
                                                                     ---------------------+-------+-------+-------+-------+------- 
                                                                                         2|      0| 118711|  10752|   3161| 132624 
                                                                                          |   0.00|   6.12|   0.55|   0.16|   6.84 
                                                                                          |   0.00|  89.51|   8.11|   2.38|        
                                                                                          |   0.00|  23.89|  25.51|  29.07|        
                                                                     ---------------------+-------+-------+-------+-------+------- 
                                                                                         3|      0|  25291|   1975|    820|  28086 
                                                                                          |   0.00|   1.30|   0.10|   0.04|   1.45 
                                                                                          |   0.00|  90.05|   7.03|   2.92|        
                                                                                          |   0.00|   5.09|   4.69|   7.54|        
                                                                     ---------------------+-------+-------+-------+-------+------- 
                                                                                         4|      0|   5394|    471|    196|   6061 
                                                                                          |   0.00|   0.28|   0.02|   0.01|   0.31 
                                                                                          |   0.00|  89.00|   7.77|   3.23|        
                                                                                          |   0.00|   1.09|   1.12|   1.80|        
                                                                     ---------------------+-------+-------+-------+-------+------- 
                                                                                         5|      0|    896|     93|     49|   1038 
                                                                                          |   0.00|   0.05|   0.00|   0.00|   0.05 
                                                                                          |   0.00|  86.32|   8.96|   4.72|        
                                                                                          |   0.00|   0.18|   0.22|   0.45|        
                                                                     ---------------------+-------+-------+-------+-------+------- 
                                                                                     Total|1388225| 496980|  42148|  10873|1938226 
                                                                                          |  71.62|  25.64|   2.17|   0.56| 100.00 
                                                                                                                                   
                                                                                             match_level 2                                                           11:35 Wednesday, July 29, 2015    7

                                                                                           The FREQ Procedure

                                                                                                                Cumulative    Cumulative
                                                                chosen_spedis_score    Frequency     Percent     Frequency      Percent 
                                                                ------------------------------------------------------------------------
                                                                 0                          205        0.49           205         0.49  
                                                                 2                           42        0.10           247         0.59  
                                                                 3                          563        1.34           810         1.92  
                                                                 4                          609        1.44          1419         3.37  
                                                                 5                         2162        5.13          3581         8.50  
                                                                 6                         1117        2.65          4698        11.15  
                                                                 7                         2014        4.78          6712        15.92  
                                                                 8                         2336        5.54          9048        21.47  
                                                                 9                           35        0.08          9083        21.55  
                                                                10                         1249        2.96         10332        24.51  
                                                                11                         1278        3.03         11610        27.55  
                                                                12                         1296        3.07         12906        30.62  
                                                                13                          280        0.66         13186        31.28  
                                                                14                         2526        5.99         15712        37.28  
                                                                15                         1166        2.77         16878        40.04  
                                                                16                         2345        5.56         19223        45.61  
                                                                17                         2012        4.77         21235        50.38  
                                                                18                          282        0.67         21517        51.05  
                                                                19                         1206        2.86         22723        53.91  
                                                                20                         1854        4.40         24577        58.31  
                                                                21                         3000        7.12         27577        65.43  
                                                                22                         1085        2.57         28662        68.00  
                                                                23                          455        1.08         29117        69.08  
                                                                24                          334        0.79         29451        69.88  
                                                                25                         2060        4.89         31511        74.76  
                                                                26                         1473        3.49         32984        78.26  
                                                                27                          442        1.05         33426        79.31  
                                                                28                         2112        5.01         35538        84.32  
                                                                29                         1080        2.56         36618        86.88  
                                                                30                         1991        4.72         38609        91.60  
                                                                31                          413        0.98         39022        92.58  
                                                                32                           25        0.06         39047        92.64  
                                                                33                         1646        3.91         40693        96.55  
                                                                34                         1455        3.45         42148       100.00  
                                                                                             match_level 3                                                           11:35 Wednesday, July 29, 2015    8

                                                                                           The FREQ Procedure

                                                                                                                Cumulative    Cumulative
                                                                chosen_spedis_score    Frequency     Percent     Frequency      Percent 
                                                                ------------------------------------------------------------------------
                                                                 35                         167        1.54           167         1.54  
                                                                 36                           1        0.01           168         1.55  
                                                                 37                         701        6.45           869         7.99  
                                                                 38                         913        8.40          1782        16.39  
                                                                 39                         732        6.73          2514        23.12  
                                                                 40                         643        5.91          3157        29.04  
                                                                 41                         410        3.77          3567        32.81  
                                                                 42                         235        2.16          3802        34.97  
                                                                 43                          81        0.74          3883        35.71  
                                                                 44                         185        1.70          4068        37.41  
                                                                 45                         475        4.37          4543        41.78  
                                                                 46                         162        1.49          4705        43.27  
                                                                 47                        1286       11.83          5991        55.10  
                                                                 48                           6        0.06          5997        55.15  
                                                                 50                        1726       15.87          7723        71.03  
                                                                 52                          13        0.12          7736        71.15  
                                                                 53                          10        0.09          7746        71.24  
                                                                 54                          83        0.76          7829        72.00  
                                                                 55                          31        0.29          7860        72.29  
                                                                 56                          27        0.25          7887        72.54  
                                                                 57                         115        1.06          8002        73.60  
                                                                 58                         209        1.92          8211        75.52  
                                                                 59                           9        0.08          8220        75.60  
                                                                 60                         240        2.21          8460        77.81  
                                                                 61                           3        0.03          8463        77.84  
                                                                 62                         224        2.06          8687        79.90  
                                                                 64                          23        0.21          8710        80.11  
                                                                 65                          12        0.11          8722        80.22  
                                                                 66                         274        2.52          8996        82.74  
                                                                 67                           4        0.04          9000        82.77  
                                                                 68                          22        0.20          9022        82.98  
                                                                 70                         115        1.06          9137        84.03  
                                                                 71                          11        0.10          9148        84.14  
                                                                 72                           2        0.02          9150        84.15  
                                                                 75                         272        2.50          9422        86.66  
                                                                 77                           1        0.01          9423        86.66  
                                                                 78                           7        0.06          9430        86.73  
                                                                 79                           2        0.02          9432        86.75  
                                                                 80                          53        0.49          9485        87.23  
                                                                 81                           7        0.06          9492        87.30  
                                                                 82                           2        0.02          9494        87.32  
                                                                 83                         220        2.02          9714        89.34  
                                                                 85                           9        0.08          9723        89.42  
                                                                 86                           1        0.01          9724        89.43  
                                                                 87                          62        0.57          9786        90.00  
                                                                 89                           2        0.02          9788        90.02  
                                                                 90                          23        0.21          9811        90.23  
                                                                 91                          15        0.14          9826        90.37  
                                                                 93                           2        0.02          9828        90.39  
                                                                 95                           3        0.03          9831        90.42  
                                                                100                         241        2.22         10072        92.63  
                                                                104                           1        0.01         10073        92.64  
                                                                105                           2        0.02         10075        92.66  
                                                                106                           2        0.02         10077        92.68  
                                                                108                           9        0.08         10086        92.76  
                                                                110                           5        0.05         10091        92.81  
                                                                112                          20        0.18         10111        92.99  
                                                                115                           2        0.02         10113        93.01  
                                                                116                          45        0.41         10158        93.42  
                                                                118                           2        0.02         10160        93.44  
                                                                120                           2        0.02         10162        93.46  
                                                                125                         107        0.98         10269        94.44  
                                                                130                           2        0.02         10271        94.46  
                                                                131                           1        0.01         10272        94.47  
                                                                133                          19        0.17         10291        94.65  
                                                                137                           5        0.05         10296        94.69  
                                                                140                           5        0.05         10301        94.74  
                                                                141                           3        0.03         10304        94.77  
                                                                150                         116        1.07         10420        95.83  
                                                                162                           2        0.02         10422        95.85  
                                                                166                           4        0.04         10426        95.89  
                                                                175                          14        0.13         10440        96.02  
                                                                183                           1        0.01         10441        96.03  
                                                                187                           1        0.01         10442        96.04  
                                                                191                           1        0.01         10443        96.05  
                                                                193                           1        0.01         10444        96.05  
                                                                200                         141        1.30         10585        97.35  
                                                                250                         154        1.42         10739        98.77  
                                                                300                         104        0.96         10843        99.72  
                                                                350                          18        0.17         10861        99.89  
                                                                400                           6        0.06         10867        99.94  
                                                                500                           5        0.05         10872        99.99  
                                                                600                           1        0.01         10873       100.00  
                                                                    Prepared for                                                                     9
                                                                 Data Quality Report
                                                           Library:WORK  Member:scored__NC
                                                              Total Observations: 973547

                                                                                                              Number of     Numeric or          
   Variable                                                                   Label                         Observations    Character     Levels

   CAC_HH_PID                                            Household Persistent ID                                973,547     Character        50+
                                                                                                                                                
   CAC_NAME_LAST                                         Household Name                                         973,547     Character        50+
                                                                                                                                                
   bridge_address1                                       Address Line 1 From Bridge                             973,547     Character        50+
                                                                                                                                                
   bridge_address2                                       Address Line 2 From Bridge                                   0     Character         0 
                                                                                                                                                
   bridge_city                                           Address City From Bridge                               973,547     Character        50+
                                                                                                                                                
   bridge_name_first                                     First Name From Bridge                                 973,547     Character        50+
                                                                                                                                                
   bridge_name_last                                      Last Name From Bridge                                  973,547     Character        50+
                                                                                                                                                
   bridge_name_last_exact                                                                                       973,547     Character        50+
                                                                                                                                                
   bridge_name_last_fuzzy1                                                                                      973,547     Character        50+
                                                                                                                                                
   bridge_state                                          Address State From Bridge                              973,547     Character         1 
                                                         Value NC    100%                                       973,547                         
                                                                                                                                                
   bridge_zip5                                           Address Zip 5 From Bridge                              973,547     Character        50+
                                                                                                                                                
   cac_bridge_md5email_id                                Unique ID To Append Email Addresses From Bridge        973,547     Character        50+

                                                             Number        Zero          Mean        Median       Minimum       Maximum    Variable
   Variable                                                 Missing      Values         Value         Value         Value         Value     Format 

   CAC_HH_PID                                                     0                                                                          $27   
                                                                                                                                                   
   CAC_NAME_LAST                                                  0                                                                                
                                                                                                                                                   
   bridge_address1                                                0                                                                          $50   
                                                                                                                                                   
   bridge_address2                                          973,547                                                                          $50   
                                                                                                                                                   
   bridge_city                                                    0                                                                          $30   
                                                                                                                                                   
   bridge_name_first                                              0                                                                          $25   
                                                                                                                                                   
   bridge_name_last                                               0                                                                          $25   
                                                                                                                                                   
   bridge_name_last_exact                                         0                                                                                
                                                                                                                                                   
   bridge_name_last_fuzzy1                                        0                                                                                
                                                                                                                                                   
   bridge_state                                                   0                                                                          $2    
                                                                                                                                                   
                                                                                                                                                   
   bridge_zip5                                                    0                                                                          $5    
                                                                                                                                                   
   cac_bridge_md5email_id                                         0                                                                          $50   

                                                             Prepared by CAC Group, Inc.
                                                                    Prepared for                                                                    10
                                                                 Data Quality Report
                                                           Library:WORK  Member:scored__NC
                                                              Total Observations: 973547

                                                                                      Number of     Numeric or                  Number        Zero
    Variable                                                      Label             Observations    Character     Levels       Missing      Values

                                                                                                                                                  
    chosen_cac_ind_gender                                                               973,547     Numeric           2              0           0
                                                          Value        1   43.5%        423,546                                                   
                                                          Value        2   56.5%        550,001                                                   
                                                                                                                                                  
    chosen_cac_ind_last                                                                 973,547     Character        50+             0            
                                                                                                                                                  
    chosen_cac_ind_mi                                                                   870,069     Character        26        103,478            
                                                                                                                                                  
    chosen_cac_ind_name                                                                 973,547     Character        50+             0            
                                                                                                                                                  
    chosen_cac_ind_number                                                               973,547     Numeric           5              0           0
                                                          Value        1   69.3%        674,518                                                   
                                                          Value        2   23.6%        229,351                                                   
                                                          Value        3    5.7%         55,507                                                   
                                                          Value        4    1.2%         12,060                                                   
                                                          Value        5    0.2%          2,111                                                   
                                                                                                                                                  
    chosen_first_x_of_x_flag                                                            973,547     Numeric           2              0       5,374
                                                                                                                                                  
    chosen_match_level                                                                  973,547     Numeric           3              0           0
                                                          Value        1   89.5%        871,554                                                   
                                                          Value        2    8.6%         83,544                                                   
                                                          Value        3    1.9%         18,449                                                   

                                                                Mean        Median       Minimum       Maximum    Variable
    Variable                                                   Value         Value         Value         Value     Format 

                                                                                                                          
    chosen_cac_ind_gender                                     1.5649        2.0000        1.0000        2.0000      8     
                                                                                                                          
                                                                                                                          
                                                                                                                          
    chosen_cac_ind_last                                                                                             $20   
                                                                                                                          
    chosen_cac_ind_mi                                                                                               $1    
                                                                                                                          
    chosen_cac_ind_name                                                                                             $14   
                                                                                                                          
    chosen_cac_ind_number                                     1.3954        1.0000        1.0000        5.0000      8     
                                                                                                                          
                                                                                                                          
                                                                                                                          
                                                                                                                          
                                                                                                                          
                                                                                                                          
    chosen_first_x_of_x_flag                                  0.9945        1.0000        0.0000        1.0000      8     
                                                                                                                          
    chosen_match_level                                        1.1237        1.0000        1.0000        3.0000      8     
                                                                                                                          
                                                                                                                          
                                                                                                                          

                                                             Prepared by CAC Group, Inc.
                                                                    Prepared for                                                                    11
                                                                 Data Quality Report
                                                           Library:WORK  Member:scored__NC
                                                              Total Observations: 973547

                                                                                      Number of     Numeric or                  Number        Zero
    Variable                                                      Label             Observations    Character     Levels       Missing      Values

                                                                                                                                                  
    chosen_spedis_score                                                                 973,547      Numeric         50+             0     871,896
                                                                                                                                                  
    last_name_match                                                                     973,547      Numeric          1              0           0
                                                          Value        1    100%        973,547                                                   
                                                                                                                                                  

                                                                Mean        Median       Minimum       Maximum    Variable
    Variable                                                   Value         Value         Value         Value     Format 

                                                                                                                          
    chosen_spedis_score                                       2.7113        0.0000        0.0000      600.0000       8    
                                                                                                                          
    last_name_match                                           1.0000        1.0000        1.0000        1.0000            
                                                                                                                          
                                                                                                                          





































                                                             Prepared by CAC Group, Inc.
