                                                                                             The WPS System                                                          11:45 Wednesday, July 29, 2015    1

                                                                                           The FREQ Procedure

                                                               Table of last_name_match by chosen_cac_ind_number
                                                                                                                                        
                                                                last_name_match|             chosen_cac_ind_number             |        
                                                                ---------------+-----------------------------------------------|        
                                                                   Frequency   |       |       |       |       |       |       |        
                                                                    Percent    |       |       |       |       |       |       |        
                                                                    Row Pct    |       |       |       |       |       |       |        
                                                                    Col Pct    |   .   |   1   |   2   |   3   |   4   |   5   | Total  
                                                                ---------------+-------+-------+-------+-------+-------+-------+------- 
                                                                              0|  56285|      0|      0|      0|      0|      0|  56285 
                                                                               |  44.57|   0.00|   0.00|   0.00|   0.00|   0.00|  44.57 
                                                                               | 100.00|   0.00|   0.00|   0.00|   0.00|   0.00|        
                                                                               |  54.81|   0.00|   0.00|   0.00|   0.00|   0.00|        
                                                                ---------------+-------+-------+-------+-------+-------+-------+------- 
                                                                              1|  46400|  18166|   3976|   1054|    330|     85|  70011 
                                                                               |  36.74|  14.38|   3.15|   0.83|   0.26|   0.07|  55.43 
                                                                               |  66.28|  25.95|   5.68|   1.51|   0.47|   0.12|        
                                                                               |  45.19| 100.00| 100.00| 100.00| 100.00| 100.00|        
                                                                ---------------+-------+-------+-------+-------+-------+-------+------- 
                                                                          Total| 102685|  18166|   3976|   1054|    330|     85| 126296 
                                                                               |  81.31|  14.38|   3.15|   0.83|   0.26|   0.07| 100.00 
                                                                                                                                        
                                                                                             The WPS System                                                          11:45 Wednesday, July 29, 2015    2

                                                                                           The FREQ Procedure

                                                                    Table of chosen_cac_ind_number by chosen_match_level
                                                                                                                                   
                                                                     chosen_cac_ind_number|      chosen_match_level       |        
                                                                     ---------------------+-------------------------------|        
                                                                           Frequency      |       |       |       |       |        
                                                                            Percent       |       |       |       |       |        
                                                                            Row Pct       |       |       |       |       |        
                                                                            Col Pct       |   .   |   1   |   2   |   3   | Total  
                                                                     ---------------------+-------+-------+-------+-------+------- 
                                                                                         .| 102685|      0|      0|      0| 102685 
                                                                                          |  81.31|   0.00|   0.00|   0.00|  81.31 
                                                                                          | 100.00|   0.00|   0.00|   0.00|        
                                                                                          | 100.00|   0.00|   0.00|   0.00|        
                                                                     ---------------------+-------+-------+-------+-------+------- 
                                                                                         1|      0|  16518|   1364|    284|  18166 
                                                                                          |   0.00|  13.08|   1.08|   0.22|  14.38 
                                                                                          |   0.00|  90.93|   7.51|   1.56|        
                                                                                          |   0.00|  77.40|  74.74|  63.68|        
                                                                     ---------------------+-------+-------+-------+-------+------- 
                                                                                         2|      0|   3549|    314|    113|   3976 
                                                                                          |   0.00|   2.81|   0.25|   0.09|   3.15 
                                                                                          |   0.00|  89.26|   7.90|   2.84|        
                                                                                          |   0.00|  16.63|  17.21|  25.34|        
                                                                     ---------------------+-------+-------+-------+-------+------- 
                                                                                         3|      0|    923|    103|     28|   1054 
                                                                                          |   0.00|   0.73|   0.08|   0.02|   0.83 
                                                                                          |   0.00|  87.57|   9.77|   2.66|        
                                                                                          |   0.00|   4.33|   5.64|   6.28|        
                                                                     ---------------------+-------+-------+-------+-------+------- 
                                                                                         4|      0|    284|     32|     14|    330 
                                                                                          |   0.00|   0.22|   0.03|   0.01|   0.26 
                                                                                          |   0.00|  86.06|   9.70|   4.24|        
                                                                                          |   0.00|   1.33|   1.75|   3.14|        
                                                                     ---------------------+-------+-------+-------+-------+------- 
                                                                                         5|      0|     66|     12|      7|     85 
                                                                                          |   0.00|   0.05|   0.01|   0.01|   0.07 
                                                                                          |   0.00|  77.65|  14.12|   8.24|        
                                                                                          |   0.00|   0.31|   0.66|   1.57|        
                                                                     ---------------------+-------+-------+-------+-------+------- 
                                                                                     Total| 102685|  21340|   1825|    446| 126296 
                                                                                          |  81.31|  16.90|   1.45|   0.35| 100.00 
                                                                                                                                   
                                                                                             match_level 2                                                           11:45 Wednesday, July 29, 2015    3

                                                                                           The FREQ Procedure

                                                                                                                Cumulative    Cumulative
                                                                chosen_spedis_score    Frequency     Percent     Frequency      Percent 
                                                                ------------------------------------------------------------------------
                                                                 0                           17        0.93            17         0.93  
                                                                 2                            1        0.05            18         0.99  
                                                                 3                           20        1.10            38         2.08  
                                                                 4                           27        1.48            65         3.56  
                                                                 5                           90        4.93           155         8.49  
                                                                 6                           32        1.75           187        10.25  
                                                                 7                          104        5.70           291        15.95  
                                                                 8                           67        3.67           358        19.62  
                                                                 9                            5        0.27           363        19.89  
                                                                10                           89        4.88           452        24.77  
                                                                11                           58        3.18           510        27.95  
                                                                12                           67        3.67           577        31.62  
                                                                13                            5        0.27           582        31.89  
                                                                14                          104        5.70           686        37.59  
                                                                15                           96        5.26           782        42.85  
                                                                16                           93        5.10           875        47.95  
                                                                17                           83        4.55           958        52.49  
                                                                18                           11        0.60           969        53.10  
                                                                19                           82        4.49          1051        57.59  
                                                                20                           91        4.99          1142        62.58  
                                                                21                           42        2.30          1184        64.88  
                                                                22                           16        0.88          1200        65.75  
                                                                23                           26        1.42          1226        67.18  
                                                                24                           15        0.82          1241        68.00  
                                                                25                           72        3.95          1313        71.95  
                                                                26                           37        2.03          1350        73.97  
                                                                27                           21        1.15          1371        75.12  
                                                                28                          139        7.62          1510        82.74  
                                                                29                           79        4.33          1589        87.07  
                                                                30                          105        5.75          1694        92.82  
                                                                31                           15        0.82          1709        93.64  
                                                                32                            3        0.16          1712        93.81  
                                                                33                           73        4.00          1785        97.81  
                                                                34                           40        2.19          1825       100.00  
                                                                                             match_level 3                                                           11:45 Wednesday, July 29, 2015    4

                                                                                           The FREQ Procedure

                                                                                                                Cumulative    Cumulative
                                                                chosen_spedis_score    Frequency     Percent     Frequency      Percent 
                                                                ------------------------------------------------------------------------
                                                                 35                          18        4.04            18         4.04  
                                                                 37                          28        6.28            46        10.31  
                                                                 38                          21        4.71            67        15.02  
                                                                 39                          35        7.85           102        22.87  
                                                                 40                          29        6.50           131        29.37  
                                                                 41                          13        2.91           144        32.29  
                                                                 42                          15        3.36           159        35.65  
                                                                 43                           2        0.45           161        36.10  
                                                                 45                           2        0.45           163        36.55  
                                                                 46                           5        1.12           168        37.67  
                                                                 47                          10        2.24           178        39.91  
                                                                 50                          76       17.04           254        56.95  
                                                                 52                           1        0.22           255        57.17  
                                                                 53                           1        0.22           256        57.40  
                                                                 54                          10        2.24           266        59.64  
                                                                 55                           4        0.90           270        60.54  
                                                                 56                           1        0.22           271        60.76  
                                                                 57                          19        4.26           290        65.02  
                                                                 58                          15        3.36           305        68.39  
                                                                 60                          12        2.69           317        71.08  
                                                                 62                          14        3.14           331        74.22  
                                                                 64                           2        0.45           333        74.66  
                                                                 65                           3        0.67           336        75.34  
                                                                 66                          23        5.16           359        80.49  
                                                                 67                           1        0.22           360        80.72  
                                                                 68                           1        0.22           361        80.94  
                                                                 70                           5        1.12           366        82.06  
                                                                 71                           3        0.67           369        82.74  
                                                                 75                           9        2.02           378        84.75  
                                                                 80                           1        0.22           379        84.98  
                                                                 81                           2        0.45           381        85.43  
                                                                 83                          11        2.47           392        87.89  
                                                                 87                           5        1.12           397        89.01  
                                                                 90                           2        0.45           399        89.46  
                                                                 91                           2        0.45           401        89.91  
                                                                100                          11        2.47           412        92.38  
                                                                112                           1        0.22           413        92.60  
                                                                116                           2        0.45           415        93.05  
                                                                125                           1        0.22           416        93.27  
                                                                133                           1        0.22           417        93.50  
                                                                150                           4        0.90           421        94.39  
                                                                175                           2        0.45           423        94.84  
                                                                200                          10        2.24           433        97.09  
                                                                250                           4        0.90           437        97.98  
                                                                300                           3        0.67           440        98.65  
                                                                350                           3        0.67           443        99.33  
                                                                400                           2        0.45           445        99.78  
                                                                450                           1        0.22           446       100.00  
                                                                                                                                                                     11:45 Wednesday, July 29, 2015    5

                                                                                           The FREQ Procedure

                                                               Table of last_name_match by chosen_cac_ind_number
                                                                                                                                        
                                                                last_name_match|             chosen_cac_ind_number             |        
                                                                ---------------+-----------------------------------------------|        
                                                                   Frequency   |       |       |       |       |       |       |        
                                                                    Percent    |       |       |       |       |       |       |        
                                                                    Row Pct    |       |       |       |       |       |       |        
                                                                    Col Pct    |   .   |   1   |   2   |   3   |   4   |   5   | Total  
                                                                ---------------+-------+-------+-------+-------+-------+-------+------- 
                                                                              0|  56285|      0|      0|      0|      0|      0|  56285 
                                                                               |  44.57|   0.00|   0.00|   0.00|   0.00|   0.00|  44.57 
                                                                               | 100.00|   0.00|   0.00|   0.00|   0.00|   0.00|        
                                                                               |  58.28|   0.00|   0.00|   0.00|   0.00|   0.00|        
                                                                ---------------+-------+-------+-------+-------+-------+-------+------- 
                                                                              1|  40297|  23586|   4598|   1184|    288|     58|  70011 
                                                                               |  31.91|  18.68|   3.64|   0.94|   0.23|   0.05|  55.43 
                                                                               |  57.56|  33.69|   6.57|   1.69|   0.41|   0.08|        
                                                                               |  41.72| 100.00| 100.00| 100.00| 100.00| 100.00|        
                                                                ---------------+-------+-------+-------+-------+-------+-------+------- 
                                                                          Total|  96582|  23586|   4598|   1184|    288|     58| 126296 
                                                                               |  76.47|  18.68|   3.64|   0.94|   0.23|   0.05| 100.00 
                                                                                                                                        
                                                                                                                                                                     11:45 Wednesday, July 29, 2015    6

                                                                                           The FREQ Procedure

                                                                    Table of chosen_cac_ind_number by chosen_match_level
                                                                                                                                   
                                                                     chosen_cac_ind_number|      chosen_match_level       |        
                                                                     ---------------------+-------------------------------|        
                                                                           Frequency      |       |       |       |       |        
                                                                            Percent       |       |       |       |       |        
                                                                            Row Pct       |       |       |       |       |        
                                                                            Col Pct       |   .   |   1   |   2   |   3   | Total  
                                                                     ---------------------+-------+-------+-------+-------+------- 
                                                                                         .|  96582|      0|      0|      0|  96582 
                                                                                          |  76.47|   0.00|   0.00|   0.00|  76.47 
                                                                                          | 100.00|   0.00|   0.00|   0.00|        
                                                                                          | 100.00|   0.00|   0.00|   0.00|        
                                                                     ---------------------+-------+-------+-------+-------+------- 
                                                                                         1|      0|  21196|   2069|    321|  23586 
                                                                                          |   0.00|  16.78|   1.64|   0.25|  18.68 
                                                                                          |   0.00|  89.87|   8.77|   1.36|        
                                                                                          |   0.00|  79.56|  79.12|  70.09|        
                                                                     ---------------------+-------+-------+-------+-------+------- 
                                                                                         2|      0|   4107|    408|     83|   4598 
                                                                                          |   0.00|   3.25|   0.32|   0.07|   3.64 
                                                                                          |   0.00|  89.32|   8.87|   1.81|        
                                                                                          |   0.00|  15.42|  15.60|  18.12|        
                                                                     ---------------------+-------+-------+-------+-------+------- 
                                                                                         3|      0|   1045|     99|     40|   1184 
                                                                                          |   0.00|   0.83|   0.08|   0.03|   0.94 
                                                                                          |   0.00|  88.26|   8.36|   3.38|        
                                                                                          |   0.00|   3.92|   3.79|   8.73|        
                                                                     ---------------------+-------+-------+-------+-------+------- 
                                                                                         4|      0|    240|     35|     13|    288 
                                                                                          |   0.00|   0.19|   0.03|   0.01|   0.23 
                                                                                          |   0.00|  83.33|  12.15|   4.51|        
                                                                                          |   0.00|   0.90|   1.34|   2.84|        
                                                                     ---------------------+-------+-------+-------+-------+------- 
                                                                                         5|      0|     53|      4|      1|     58 
                                                                                          |   0.00|   0.04|   0.00|   0.00|   0.05 
                                                                                          |   0.00|  91.38|   6.90|   1.72|        
                                                                                          |   0.00|   0.20|   0.15|   0.22|        
                                                                     ---------------------+-------+-------+-------+-------+------- 
                                                                                     Total|  96582|  26641|   2615|    458| 126296 
                                                                                          |  76.47|  21.09|   2.07|   0.36| 100.00 
                                                                                                                                   
                                                                                             match_level 2                                                           11:45 Wednesday, July 29, 2015    7

                                                                                           The FREQ Procedure

                                                                                                                Cumulative    Cumulative
                                                                chosen_spedis_score    Frequency     Percent     Frequency      Percent 
                                                                ------------------------------------------------------------------------
                                                                 0                           13        0.50            13         0.50  
                                                                 2                           11        0.42            24         0.92  
                                                                 3                           87        3.33           111         4.24  
                                                                 4                           97        3.71           208         7.95  
                                                                 5                          150        5.74           358        13.69  
                                                                 6                           77        2.94           435        16.63  
                                                                 7                          135        5.16           570        21.80  
                                                                 8                          130        4.97           700        26.77  
                                                                 9                            3        0.11           703        26.88  
                                                                10                           97        3.71           800        30.59  
                                                                11                           93        3.56           893        34.15  
                                                                12                          105        4.02           998        38.16  
                                                                13                           13        0.50          1011        38.66  
                                                                14                          140        5.35          1151        44.02  
                                                                15                           45        1.72          1196        45.74  
                                                                16                          176        6.73          1372        52.47  
                                                                17                           37        1.41          1409        53.88  
                                                                18                           14        0.54          1423        54.42  
                                                                19                           46        1.76          1469        56.18  
                                                                20                           93        3.56          1562        59.73  
                                                                21                           77        2.94          1639        62.68  
                                                                22                           43        1.64          1682        64.32  
                                                                23                           21        0.80          1703        65.12  
                                                                24                           19        0.73          1722        65.85  
                                                                25                           95        3.63          1817        69.48  
                                                                26                           93        3.56          1910        73.04  
                                                                27                           23        0.88          1933        73.92  
                                                                28                          163        6.23          2096        80.15  
                                                                29                          132        5.05          2228        85.20  
                                                                30                          183        7.00          2411        92.20  
                                                                31                           61        2.33          2472        94.53  
                                                                32                            3        0.11          2475        94.65  
                                                                33                           82        3.14          2557        97.78  
                                                                34                           58        2.22          2615       100.00  
                                                                                             match_level 3                                                           11:45 Wednesday, July 29, 2015    8

                                                                                           The FREQ Procedure

                                                                                                                Cumulative    Cumulative
                                                                chosen_spedis_score    Frequency     Percent     Frequency      Percent 
                                                                ------------------------------------------------------------------------
                                                                 35                           2        0.44             2         0.44  
                                                                 37                          30        6.55            32         6.99  
                                                                 38                          22        4.80            54        11.79  
                                                                 39                          15        3.28            69        15.07  
                                                                 40                          30        6.55            99        21.62  
                                                                 41                          20        4.37           119        25.98  
                                                                 42                          12        2.62           131        28.60  
                                                                 43                           8        1.75           139        30.35  
                                                                 44                           5        1.09           144        31.44  
                                                                 45                           8        1.75           152        33.19  
                                                                 46                          10        2.18           162        35.37  
                                                                 47                          19        4.15           181        39.52  
                                                                 48                           2        0.44           183        39.96  
                                                                 50                          94       20.52           277        60.48  
                                                                 52                           1        0.22           278        60.70  
                                                                 54                           3        0.66           281        61.35  
                                                                 55                           3        0.66           284        62.01  
                                                                 56                           6        1.31           290        63.32  
                                                                 57                          13        2.84           303        66.16  
                                                                 58                          10        2.18           313        68.34  
                                                                 60                          18        3.93           331        72.27  
                                                                 62                          16        3.49           347        75.76  
                                                                 64                           2        0.44           349        76.20  
                                                                 66                          10        2.18           359        78.38  
                                                                 67                           1        0.22           360        78.60  
                                                                 68                           3        0.66           363        79.26  
                                                                 70                           3        0.66           366        79.91  
                                                                 71                           4        0.87           370        80.79  
                                                                 75                          12        2.62           382        83.41  
                                                                 80                           5        1.09           387        84.50  
                                                                 83                           7        1.53           394        86.03  
                                                                 85                           1        0.22           395        86.24  
                                                                 87                           3        0.66           398        86.90  
                                                                 89                           1        0.22           399        87.12  
                                                                 93                           2        0.44           401        87.55  
                                                                 95                           1        0.22           402        87.77  
                                                                100                          16        3.49           418        91.27  
                                                                116                           2        0.44           420        91.70  
                                                                125                           4        0.87           424        92.58  
                                                                133                           1        0.22           425        92.79  
                                                                141                           1        0.22           426        93.01  
                                                                150                           6        1.31           432        94.32  
                                                                175                           3        0.66           435        94.98  
                                                                200                           8        1.75           443        96.72  
                                                                225                           1        0.22           444        96.94  
                                                                250                           8        1.75           452        98.69  
                                                                300                           5        1.09           457        99.78  
                                                                350                           1        0.22           458       100.00  
                                                                    Prepared for                                                                     9
                                                                 Data Quality Report
                                                           Library:WORK  Member:scored__DC
                                                              Total Observations: 53325

                                                                                                              Number of     Numeric or          
   Variable                                                                   Label                         Observations    Character     Levels

   CAC_HH_PID                                            Household Persistent ID                                 53,325     Character        50+
                                                                                                                                                
   CAC_NAME_LAST                                         Household Name                                          53,325     Character        50+
                                                                                                                                                
   bridge_address1                                       Address Line 1 From Bridge                              53,325     Character        50+
                                                                                                                                                
   bridge_address2                                       Address Line 2 From Bridge                                   0     Character         0 
                                                                                                                                                
   bridge_city                                           Address City From Bridge                                53,325     Character        50+
                                                                                                                                                
   bridge_name_first                                     First Name From Bridge                                  53,325     Character        50+
                                                                                                                                                
   bridge_name_last                                      Last Name From Bridge                                   53,325     Character        50+
                                                                                                                                                
   bridge_name_last_exact                                                                                        53,325     Character        50+
                                                                                                                                                
   bridge_name_last_fuzzy1                                                                                       53,325     Character        50+
                                                                                                                                                
   bridge_state                                          Address State From Bridge                               53,325     Character         1 
                                                         Value DC    100%                                        53,325                         
                                                                                                                                                
   bridge_zip5                                           Address Zip 5 From Bridge                               53,325     Character        39 
                                                                                                                                                
   cac_bridge_md5email_id                                Unique ID To Append Email Addresses From Bridge         53,325     Character        50+

                                                             Number        Zero          Mean        Median       Minimum       Maximum    Variable
   Variable                                                 Missing      Values         Value         Value         Value         Value     Format 

   CAC_HH_PID                                                     0                                                                          $27   
                                                                                                                                                   
   CAC_NAME_LAST                                                  0                                                                                
                                                                                                                                                   
   bridge_address1                                                0                                                                          $50   
                                                                                                                                                   
   bridge_address2                                           53,325                                                                          $50   
                                                                                                                                                   
   bridge_city                                                    0                                                                          $30   
                                                                                                                                                   
   bridge_name_first                                              0                                                                          $25   
                                                                                                                                                   
   bridge_name_last                                               0                                                                          $25   
                                                                                                                                                   
   bridge_name_last_exact                                         0                                                                                
                                                                                                                                                   
   bridge_name_last_fuzzy1                                        0                                                                                
                                                                                                                                                   
   bridge_state                                                   0                                                                          $2    
                                                                                                                                                   
                                                                                                                                                   
   bridge_zip5                                                    0                                                                          $5    
                                                                                                                                                   
   cac_bridge_md5email_id                                         0                                                                          $50   

                                                             Prepared by CAC Group, Inc.
                                                                    Prepared for                                                                    10
                                                                 Data Quality Report
                                                           Library:WORK  Member:scored__DC
                                                              Total Observations: 53325

                                                                                      Number of     Numeric or                  Number        Zero
    Variable                                                      Label             Observations    Character     Levels       Missing      Values

                                                                                                                                                  
    chosen_cac_ind_gender                                                                53,325     Numeric           2              0           0
                                                          Value        1   44.3%         23,611                                                   
                                                          Value        2   55.7%         29,714                                                   
                                                                                                                                                  
    chosen_cac_ind_last                                                                  53,325     Character        50+             0            
                                                                                                                                                  
    chosen_cac_ind_mi                                                                    46,129     Character        26          7,196            
                                                                                                                                                  
    chosen_cac_ind_name                                                                  53,325     Character        50+             0            
                                                                                                                                                  
    chosen_cac_ind_number                                                                53,325     Numeric           5              0           0
                                                          Value        1   78.3%         41,752                                                   
                                                          Value        2   16.1%          8,574                                                   
                                                          Value        3    4.2%          2,238                                                   
                                                          Value        4    1.2%            618                                                   
                                                          Value        5    0.3%            143                                                   
                                                                                                                                                  
    chosen_first_x_of_x_flag                                                             53,325     Numeric           2              0         346
                                                                                                                                                  
    chosen_match_level                                                                   53,325     Numeric           3              0           0
                                                          Value        1   90.0%         47,981                                                   
                                                          Value        2    8.3%          4,440                                                   
                                                          Value        3    1.7%            904                                                   

                                                                Mean        Median       Minimum       Maximum    Variable
    Variable                                                   Value         Value         Value         Value     Format 

                                                                                                                          
    chosen_cac_ind_gender                                     1.5572        2.0000        1.0000        2.0000      8     
                                                                                                                          
                                                                                                                          
                                                                                                                          
    chosen_cac_ind_last                                                                                             $20   
                                                                                                                          
    chosen_cac_ind_mi                                                                                               $1    
                                                                                                                          
    chosen_cac_ind_name                                                                                             $14   
                                                                                                                          
    chosen_cac_ind_number                                     1.2902        1.0000        1.0000        5.0000      8     
                                                                                                                          
                                                                                                                          
                                                                                                                          
                                                                                                                          
                                                                                                                          
                                                                                                                          
    chosen_first_x_of_x_flag                                  0.9935        1.0000        0.0000        1.0000      8     
                                                                                                                          
    chosen_match_level                                        1.1172        1.0000        1.0000        3.0000      8     
                                                                                                                          
                                                                                                                          
                                                                                                                          

                                                             Prepared by CAC Group, Inc.
                                                                    Prepared for                                                                    11
                                                                 Data Quality Report
                                                           Library:WORK  Member:scored__DC
                                                              Total Observations: 53325

                                                                                      Number of     Numeric or                  Number        Zero
    Variable                                                      Label             Observations    Character     Levels       Missing      Values

                                                                                                                                                  
    chosen_spedis_score                                                                  53,325      Numeric         50+             0      48,011
                                                                                                                                                  
    last_name_match                                                                      53,325      Numeric          1              0           0
                                                          Value        1    100%         53,325                                                   
                                                                                                                                                  

                                                                Mean        Median       Minimum       Maximum    Variable
    Variable                                                   Value         Value         Value         Value     Format 

                                                                                                                          
    chosen_spedis_score                                       2.5952        0.0000        0.0000      450.0000       8    
                                                                                                                          
    last_name_match                                           1.0000        1.0000        1.0000        1.0000            
                                                                                                                          
                                                                                                                          





































                                                             Prepared by CAC Group, Inc.
